Archive member included to satisfy reference by file (symbol)

c:/arm-gnu-toolchain/bin/../lib/gcc/arm-none-eabi/12.3.1/thumb/v7e-m+fp/hard\libgcc.a(_arm_muldf3.o)
                              CMakeFiles/f407zgt6.elf.dir/User/SVPWM/svpwm.c.obj (__aeabi_dmul)
c:/arm-gnu-toolchain/bin/../lib/gcc/arm-none-eabi/12.3.1/thumb/v7e-m+fp/hard\libgcc.a(_arm_addsubdf3.o)
                              CMakeFiles/f407zgt6.elf.dir/User/SVPWM/svpwm.c.obj (__aeabi_dsub)
c:/arm-gnu-toolchain/bin/../lib/gcc/arm-none-eabi/12.3.1/thumb/v7e-m+fp/hard\libgcc.a(_arm_cmpdf2.o)
                              CMakeFiles/f407zgt6.elf.dir/Core/Src/main.c.obj (__aeabi_dcmple)
c:/arm-gnu-toolchain/bin/../lib/gcc/arm-none-eabi/12.3.1/thumb/v7e-m+fp/hard\libgcc.a(_arm_truncdfsf2.o)
                              CMakeFiles/f407zgt6.elf.dir/Core/Src/main.c.obj (__aeabi_d2f)
c:/arm-gnu-toolchain/bin/../lib/gcc/arm-none-eabi/12.3.1/thumb/v7e-m+fp/hard\libgcc.a(_aeabi_uldivmod.o)
                              CMakeFiles/f407zgt6.elf.dir/Drivers/STM32F4xx_HAL_Driver/Src/stm32f4xx_hal_rcc.c.obj (__aeabi_uldivmod)
c:/arm-gnu-toolchain/bin/../lib/gcc/arm-none-eabi/12.3.1/thumb/v7e-m+fp/hard\libgcc.a(_udivmoddi4.o)
                              c:/arm-gnu-toolchain/bin/../lib/gcc/arm-none-eabi/12.3.1/thumb/v7e-m+fp/hard\libgcc.a(_aeabi_uldivmod.o) (__udivmoddi4)
c:/arm-gnu-toolchain/bin/../lib/gcc/arm-none-eabi/12.3.1/thumb/v7e-m+fp/hard\libgcc.a(_dvmd_tls.o)
                              c:/arm-gnu-toolchain/bin/../lib/gcc/arm-none-eabi/12.3.1/thumb/v7e-m+fp/hard\libgcc.a(_aeabi_uldivmod.o) (__aeabi_ldiv0)
c:/arm-gnu-toolchain/bin/../lib/gcc/arm-none-eabi/12.3.1/thumb/v7e-m+fp/hard\libg.a(libc_a-exit.o)
                              c:/arm-gnu-toolchain/bin/../lib/gcc/arm-none-eabi/12.3.1/thumb/v7e-m+fp/hard/crt0.o (exit)
c:/arm-gnu-toolchain/bin/../lib/gcc/arm-none-eabi/12.3.1/thumb/v7e-m+fp/hard\libg.a(libc_a-findfp.o)
                              c:/arm-gnu-toolchain/bin/../lib/gcc/arm-none-eabi/12.3.1/thumb/v7e-m+fp/hard\libg.a(libc_a-exit.o) (__stdio_exit_handler)
c:/arm-gnu-toolchain/bin/../lib/gcc/arm-none-eabi/12.3.1/thumb/v7e-m+fp/hard\libg.a(libc_a-fwalk.o)
                              c:/arm-gnu-toolchain/bin/../lib/gcc/arm-none-eabi/12.3.1/thumb/v7e-m+fp/hard\libg.a(libc_a-findfp.o) (_fwalk_sglue)
c:/arm-gnu-toolchain/bin/../lib/gcc/arm-none-eabi/12.3.1/thumb/v7e-m+fp/hard\libg.a(libc_a-stdio.o)
                              c:/arm-gnu-toolchain/bin/../lib/gcc/arm-none-eabi/12.3.1/thumb/v7e-m+fp/hard\libg.a(libc_a-findfp.o) (__sread)
c:/arm-gnu-toolchain/bin/../lib/gcc/arm-none-eabi/12.3.1/thumb/v7e-m+fp/hard\libg.a(libc_a-vsprintf.o)
                              CMakeFiles/f407zgt6.elf.dir/Core/Src/usart.c.obj (vsprintf)
c:/arm-gnu-toolchain/bin/../lib/gcc/arm-none-eabi/12.3.1/thumb/v7e-m+fp/hard\libg.a(libc_a-memset.o)
                              c:/arm-gnu-toolchain/bin/../lib/gcc/arm-none-eabi/12.3.1/thumb/v7e-m+fp/hard/crt0.o (memset)
c:/arm-gnu-toolchain/bin/../lib/gcc/arm-none-eabi/12.3.1/thumb/v7e-m+fp/hard\libg.a(libc_a-closer.o)
                              c:/arm-gnu-toolchain/bin/../lib/gcc/arm-none-eabi/12.3.1/thumb/v7e-m+fp/hard\libg.a(libc_a-stdio.o) (_close_r)
c:/arm-gnu-toolchain/bin/../lib/gcc/arm-none-eabi/12.3.1/thumb/v7e-m+fp/hard\libg.a(libc_a-reent.o)
                              c:/arm-gnu-toolchain/bin/../lib/gcc/arm-none-eabi/12.3.1/thumb/v7e-m+fp/hard\libg.a(libc_a-closer.o) (errno)
c:/arm-gnu-toolchain/bin/../lib/gcc/arm-none-eabi/12.3.1/thumb/v7e-m+fp/hard\libg.a(libc_a-impure.o)
                              c:/arm-gnu-toolchain/bin/../lib/gcc/arm-none-eabi/12.3.1/thumb/v7e-m+fp/hard\libg.a(libc_a-vsprintf.o) (_impure_ptr)
c:/arm-gnu-toolchain/bin/../lib/gcc/arm-none-eabi/12.3.1/thumb/v7e-m+fp/hard\libg.a(libc_a-lseekr.o)
                              c:/arm-gnu-toolchain/bin/../lib/gcc/arm-none-eabi/12.3.1/thumb/v7e-m+fp/hard\libg.a(libc_a-stdio.o) (_lseek_r)
c:/arm-gnu-toolchain/bin/../lib/gcc/arm-none-eabi/12.3.1/thumb/v7e-m+fp/hard\libg.a(libc_a-readr.o)
                              c:/arm-gnu-toolchain/bin/../lib/gcc/arm-none-eabi/12.3.1/thumb/v7e-m+fp/hard\libg.a(libc_a-stdio.o) (_read_r)
c:/arm-gnu-toolchain/bin/../lib/gcc/arm-none-eabi/12.3.1/thumb/v7e-m+fp/hard\libg.a(libc_a-writer.o)
                              c:/arm-gnu-toolchain/bin/../lib/gcc/arm-none-eabi/12.3.1/thumb/v7e-m+fp/hard\libg.a(libc_a-stdio.o) (_write_r)
c:/arm-gnu-toolchain/bin/../lib/gcc/arm-none-eabi/12.3.1/thumb/v7e-m+fp/hard\libg.a(libc_a-errno.o)
                              CMakeFiles/f407zgt6.elf.dir/Core/Src/syscalls.c.obj (__errno)
c:/arm-gnu-toolchain/bin/../lib/gcc/arm-none-eabi/12.3.1/thumb/v7e-m+fp/hard\libg.a(libc_a-init.o)
                              c:/arm-gnu-toolchain/bin/../lib/gcc/arm-none-eabi/12.3.1/thumb/v7e-m+fp/hard/crt0.o (__libc_init_array)
c:/arm-gnu-toolchain/bin/../lib/gcc/arm-none-eabi/12.3.1/thumb/v7e-m+fp/hard\libg.a(libc_a-lock.o)
[...]
Memory Configuration

Name             Origin             Length             Attributes
CCMRAM           0x10000000         0x00010000         xrw
RAM              0x20000000         0x00020000         xrw
FLASH            0x08000000         0x00100000         xr
*default*        0x00000000         0xffffffff

Linker script and memory map

LOAD c:/arm-gnu-toolchain/bin/../lib/gcc/arm-none-eabi/12.3.1/thumb/v7e-m+fp/hard/crti.o
LOAD c:/arm-gnu-toolchain/bin/../lib/gcc/arm-none-eabi/12.3.1/thumb/v7e-m+fp/hard/crtbegin.o
LOAD c:/arm-gnu-toolchain/bin/../lib/gcc/arm-none-eabi/12.3.1/thumb/v7e-m+fp/hard/crt0.o
LOAD CMakeFiles/f407zgt6.elf.dir/Core/Src/gpio.c.obj
LOAD CMakeFiles/f407zgt6.elf.dir/Core/Src/main.c.obj
LOAD CMakeFiles/f407zgt6.elf.dir/Core/Src/stm32f4xx_hal_msp.c.obj
LOAD CMakeFiles/f407zgt6.elf.dir/Core/Src/stm32f4xx_it.c.obj
LOAD CMakeFiles/f407zgt6.elf.dir/Core/Src/syscalls.c.obj
LOAD CMakeFiles/f407zgt6.elf.dir/Core/Src/sysmem.c.obj
LOAD CMakeFiles/f407zgt6.elf.dir/Core/Src/system_stm32f4xx.c.obj
LOAD CMakeFiles/f407zgt6.elf.dir/Core/Src/tim.c.obj
LOAD CMakeFiles/f407zgt6.elf.dir/Core/Src/usart.c.obj
LOAD CMakeFiles/f407zgt6.elf.dir/Core/Startup/startup_stm32f407zgtx.s.obj
LOAD CMakeFiles/f407zgt6.elf.dir/Drivers/STM32F4xx_HAL_Driver/Src/stm32f4xx_hal.c.obj
LOAD CMakeFiles/f407zgt6.elf.dir/Drivers/STM32F4xx_HAL_Driver/Src/stm32f4xx_hal_cortex.c.obj
LOAD CMakeFiles/f407zgt6.elf.dir/Drivers/STM32F4xx_HAL_Driver/Src/stm32f4xx_hal_dma.c.obj
LOAD CMakeFiles/f407zgt6.elf.dir/Drivers/STM32F4xx_HAL_Driver/Src/stm32f4xx_hal_dma_ex.c.obj
LOAD CMakeFiles/f407zgt6.elf.dir/Drivers/STM32F4xx_HAL_Driver/Src/stm32f4xx_hal_exti.c.obj
LOAD CMakeFiles/f407zgt6.elf.dir/Drivers/STM32F4xx_HAL_Driver/Src/stm32f4xx_hal_flash.c.obj
LOAD CMakeFiles/f407zgt6.elf.dir/Drivers/STM32F4xx_HAL_Driver/Src/stm32f4xx_hal_flash_ex.c.obj
LOAD CMakeFiles/f407zgt6.elf.dir/Drivers/STM32F4xx_HAL_Driver/Src/stm32f4xx_hal_flash_ramfunc.c.obj
LOAD CMakeFiles/f407zgt6.elf.dir/Drivers/STM32F4xx_HAL_Driver/Src/stm32f4xx_hal_gpio.c.obj
LOAD CMakeFiles/f407zgt6.elf.dir/Drivers/STM32F4xx_HAL_Driver/Src/stm32f4xx_hal_pwr.c.obj
LOAD CMakeFiles/f407zgt6.elf.dir/Drivers/STM32F4xx_HAL_Driver/Src/stm32f4xx_hal_pwr_ex.c.obj
LOAD CMakeFiles/f407zgt6.elf.dir/Drivers/STM32F4xx_HAL_Driver/Src/stm32f4xx_hal_rcc.c.obj
LOAD CMakeFiles/f407zgt6.elf.dir/Drivers/STM32F4xx_HAL_Driver/Src/stm32f4xx_hal_rcc_ex.c.obj
LOAD CMakeFiles/f407zgt6.elf.dir/Drivers/STM32F4xx_HAL_Driver/Src/stm32f4xx_hal_tim.c.obj
LOAD CMakeFiles/f407zgt6.elf.dir/Drivers/STM32F4xx_HAL_Driver/Src/stm32f4xx_hal_tim_ex.c.obj
LOAD CMakeFiles/f407zgt6.elf.dir/Drivers/STM32F4xx_HAL_Driver/Src/stm32f4xx_hal_uart.c.obj
LOAD CMakeFiles/f407zgt6.elf.dir/User/SVPWM/svpwm.c.obj
START GROUP
LOAD c:/arm-gnu-toolchain/bin/../lib/gcc/arm-none-eabi/12.3.1/thumb/v7e-m+fp/hard\libgcc.a
LOAD c:/arm-gnu-toolchain/bin/../lib/gcc/arm-none-eabi/12.3.1/thumb/v7e-m+fp/hard\libg.a
LOAD c:/arm-gnu-toolchain/bin/../lib/gcc/arm-none-eabi/12.3.1/thumb/v7e-m+fp/hard\libc.a
END GROUP
LOAD c:/arm-gnu-toolchain/bin/../lib/gcc/arm-none-eabi/12.3.1/thumb/v7e-m+fp/hard/crtend.o
LOAD c:/arm-gnu-toolchain/bin/../lib/gcc/arm-none-eabi/12.3.1/thumb/v7e-m+fp/hard/crtn.o
                0x20020000                        _estack = (ORIGIN (RAM) + LENGTH (RAM))
                0x00000200                        _Min_Heap_Size = 0x200
                0x00000400                        _Min_Stack_Size = 0x400

.isr_vector     0x08000000      0x188
                0x08000000                        . = ALIGN (0x4)
 *(.isr_vector)
 .isr_vector    0x08000000      0x188 CMakeFiles/f407zgt6.elf.dir/Core/Startup/startup_stm32f407zgtx.s.obj
                0x08000000                g_pfnVectors
                0x08000188                        . = ALIGN (0x4)

.text           0x080001c0     0xab30
                0x080001c0                        . = ALIGN (0x4)
 *(.text)
 .text          0x080001c0      0x378 c:/arm-gnu-toolchain/bin/../lib/gcc/arm-none-eabi/12.3.1/thumb/v7e-m+fp/hard\libgcc.a(_arm_addsubdf3.o)
                0x080001c0                __aeabi_drsub
                0x080001c8                __aeabi_dsub
                0x080001c8                __subdf3
                0x080001cc                __aeabi_dadd
                0x080001cc                __adddf3
                0x08000444                __floatunsidf
                0x08000444                __aeabi_ui2d
                0x08000464                __floatsidf
                0x08000464                __aeabi_i2d
                0x08000488                __aeabi_f2d
                0x08000488                __extendsfdf2
                0x080004cc                __floatundidf
                0x080004cc                __aeabi_ul2d
                0x080004dc                __floatdidf
                0x080004dc                __aeabi_l2d
 .text          0x08000538      0x110 c:/arm-gnu-toolchain/bin/../lib/gcc/arm-none-eabi/12.3.1/thumb/v7e-m+fp/hard\libgcc.a(_arm_cmpdf2.o)
                0x08000538                __gtdf2
                0x08000538                __gedf2
                0x08000540                __ltdf2
                0x08000540                __ledf2
                0x08000548                __nedf2
                0x08000548                __eqdf2
                0x08000548                __cmpdf2
                0x080005c4                __aeabi_cdrcmple
                0x080005d4                __aeabi_cdcmpeq
                0x080005d4                __aeabi_cdcmple
                0x080005e4                __aeabi_dcmpeq
                0x080005f8                __aeabi_dcmplt
                0x0800060c                __aeabi_dcmple
                0x08000620                __aeabi_dcmpge
                0x08000634                __aeabi_dcmpgt
 .text          0x08000648       0xa0 c:/arm-gnu-toolchain/bin/../lib/gcc/arm-none-eabi/12.3.1/thumb/v7e-m+fp/hard\libgcc.a(_arm_truncdfsf2.o)
                0x08000648                __truncdfsf2
                0x08000648                __aeabi_d2f
 .text          0x080006e8       0x30 c:/arm-gnu-toolchain/bin/../lib/gcc/arm-none-eabi/12.3.1/thumb/v7e-m+fp/hard\libgcc.a(_aeabi_uldivmod.o)
                0x080006e8                __aeabi_uldivmod
 .text          0x08000718        0x4 c:/arm-gnu-toolchain/bin/../lib/gcc/arm-none-eabi/12.3.1/thumb/v7e-m+fp/hard\libgcc.a(_dvmd_tls.o)
                0x08000718                __aeabi_idiv0
                0x08000718                __aeabi_ldiv0
 *fill*         0x0800071c       0x24 
 .text          0x08000740       0xd8 c:/arm-gnu-toolchain/bin/../lib/gcc/arm-none-eabi/12.3.1/thumb/v7e-m+fp/hard\libg.a(libc_a-strlen.o)
                0x08000740                strlen
 *fill*         0x08000818        0x8 
 .text          0x08000820       0xa0 c:/arm-gnu-toolchain/bin/../lib/gcc/arm-none-eabi/12.3.1/thumb/v7e-m+fp/hard\libg.a(libc_a-memchr.o)
                0x08000820                memchr
 .text          0x080008c0      0x134 c:/arm-gnu-toolchain/bin/../lib/gcc/arm-none-eabi/12.3.1/thumb/v7e-m+fp/hard\libg.a(libc_a-memcpy.o)
                0x080008c0                memcpy
 .text          0x080009f4      0x424 c:/arm-gnu-toolchain/bin/../lib/gcc/arm-none-eabi/12.3.1/thumb/v7e-m+fp/hard\libgcc.a(_arm_muldivdf3.o)
                0x080009f4                __aeabi_dmul
                0x080009f4                __muldf3
                0x08000c48                __divdf3
                0x08000c48                __aeabi_ddiv
 .text          0x08000e18       0x2c c:/arm-gnu-toolchain/bin/../lib/gcc/arm-none-eabi/12.3.1/thumb/v7e-m+fp/hard\libgcc.a(_arm_unorddf2.o)
                0x08000e18                __unorddf2
                0x08000e18                __aeabi_dcmpun
 .text          0x08000e44       0x50 c:/arm-gnu-toolchain/bin/../lib/gcc/arm-none-eabi/12.3.1/thumb/v7e-m+fp/hard\libgcc.a(_arm_fixdfsi.o)
                0x08000e44                __aeabi_d2iz
                0x08000e44                __fixdfsi
 *(.text*)
 .text.deregister_tm_clones
                0x08000e94       0x1c c:/arm-gnu-toolchain/bin/../lib/gcc/arm-none-eabi/12.3.1/thumb/v7e-m+fp/hard/crtbegin.o
 .text.register_tm_clones
                0x08000eb0       0x24 c:/arm-gnu-toolchain/bin/../lib/gcc/arm-none-eabi/12.3.1/thumb/v7e-m+fp/hard/crtbegin.o
 .text.__do_global_dtors_aux
                0x08000ed4       0x28 c:/arm-gnu-toolchain/bin/../lib/gcc/arm-none-eabi/12.3.1/thumb/v7e-m+fp/hard/crtbegin.o
 .text.frame_dummy
                0x08000efc       0x24 c:/arm-gnu-toolchain/bin/../lib/gcc/arm-none-eabi/12.3.1/thumb/v7e-m+fp/hard/crtbegin.o
 .text.MX_GPIO_Init
                0x08000f20       0xa8 CMakeFiles/f407zgt6.elf.dir/Core/Src/gpio.c.obj
                0x08000f20                MX_GPIO_Init
 .text.Error_Handler
                0x08000fc8        0x4 CMakeFiles/f407zgt6.elf.dir/Core/Src/main.c.obj
                0x08000fc8                Error_Handler
 .text.SystemClock_Config
                0x08000fcc       0xa4 CMakeFiles/f407zgt6.elf.dir/Core/Src/main.c.obj
                0x08000fcc                SystemClock_Config
 .text.main     0x08001070       0xf4 CMakeFiles/f407zgt6.elf.dir/Core/Src/main.c.obj
                0x08001070                main
 .text.HAL_MspInit
                0x08001164       0x38 CMakeFiles/f407zgt6.elf.dir/Core/Src/stm32f4xx_hal_msp.c.obj
                0x08001164                HAL_MspInit
 .text.NMI_Handler
                0x0800119c        0x2 CMakeFiles/f407zgt6.elf.dir/Core/Src/stm32f4xx_it.c.obj
                0x0800119c                NMI_Handler
 .text.HardFault_Handler
                0x0800119e        0x2 CMakeFiles/f407zgt6.elf.dir/Core/Src/stm32f4xx_it.c.obj
                0x0800119e                HardFault_Handler
 .text.MemManage_Handler
                0x080011a0        0x2 CMakeFiles/f407zgt6.elf.dir/Core/Src/stm32f4xx_it.c.obj
                0x080011a0                MemManage_Handler
 .text.BusFault_Handler
                0x080011a2        0x2 CMakeFiles/f407zgt6.elf.dir/Core/Src/stm32f4xx_it.c.obj
                0x080011a2                BusFault_Handler
 .text.UsageFault_Handler
                0x080011a4        0x2 CMakeFiles/f407zgt6.elf.dir/Core/Src/stm32f4xx_it.c.obj
                0x080011a4                UsageFault_Handler
 .text.SVC_Handler
                0x080011a6        0x2 CMakeFiles/f407zgt6.elf.dir/Core/Src/stm32f4xx_it.c.obj
                0x080011a6                SVC_Handler
 .text.DebugMon_Handler
                0x080011a8        0x2 CMakeFiles/f407zgt6.elf.dir/Core/Src/stm32f4xx_it.c.obj
                0x080011a8                DebugMon_Handler
 .text.PendSV_Handler
                0x080011aa        0x2 CMakeFiles/f407zgt6.elf.dir/Core/Src/stm32f4xx_it.c.obj
                0x080011aa                PendSV_Handler
 .text.SysTick_Handler
                0x080011ac        0x8 CMakeFiles/f407zgt6.elf.dir/Core/Src/stm32f4xx_it.c.obj
                0x080011ac                SysTick_Handler
 .text.USART1_IRQHandler
                0x080011b4       0x48 CMakeFiles/f407zgt6.elf.dir/Core/Src/stm32f4xx_it.c.obj
                0x080011b4                USART1_IRQHandler
 .text.HAL_UART_AbortReceiveCpltCallback
                0x080011fc       0x74 CMakeFiles/f407zgt6.elf.dir/Core/Src/stm32f4xx_it.c.obj
                0x080011fc                HAL_UART_AbortReceiveCpltCallback
 .text._getpid  0x08001270        0x4 CMakeFiles/f407zgt6.elf.dir/Core/Src/syscalls.c.obj
                0x08001270                _getpid
 .text._kill    0x08001274       0x10 CMakeFiles/f407zgt6.elf.dir/Core/Src/syscalls.c.obj
                0x08001274                _kill
 .text._exit    0x08001284        0xc CMakeFiles/f407zgt6.elf.dir/Core/Src/syscalls.c.obj
                0x08001284                _exit
 .text._read    0x08001290       0x20 CMakeFiles/f407zgt6.elf.dir/Core/Src/syscalls.c.obj
                0x08001290                _read
 .text._write   0x080012b0       0x1c CMakeFiles/f407zgt6.elf.dir/Core/Src/syscalls.c.obj
                0x080012b0                _write
 .text._close   0x080012cc        0x6 CMakeFiles/f407zgt6.elf.dir/Core/Src/syscalls.c.obj
                0x080012cc                _close
 .text._fstat   0x080012d2        0xa CMakeFiles/f407zgt6.elf.dir/Core/Src/syscalls.c.obj
                0x080012d2                _fstat
 .text._isatty  0x080012dc        0x4 CMakeFiles/f407zgt6.elf.dir/Core/Src/syscalls.c.obj
                0x080012dc                _isatty
 .text._lseek   0x080012e0        0x4 CMakeFiles/f407zgt6.elf.dir/Core/Src/syscalls.c.obj
                0x080012e0                _lseek
 .text._sbrk    0x080012e4       0x48 CMakeFiles/f407zgt6.elf.dir/Core/Src/sysmem.c.obj
                0x080012e4                _sbrk
 .text.SystemInit
                0x0800132c       0x14 CMakeFiles/f407zgt6.elf.dir/Core/Src/system_stm32f4xx.c.obj
                0x0800132c                SystemInit
 .text.HAL_TIM_Base_MspInit
                0x08001340       0x2c CMakeFiles/f407zgt6.elf.dir/Core/Src/tim.c.obj
                0x08001340                HAL_TIM_Base_MspInit
 .text.HAL_TIM_MspPostInit
                0x0800136c       0x54 CMakeFiles/f407zgt6.elf.dir/Core/Src/tim.c.obj
                0x0800136c                HAL_TIM_MspPostInit
 .text.MX_TIM2_Init
                0x080013c0       0xd8 CMakeFiles/f407zgt6.elf.dir/Core/Src/tim.c.obj
                0x080013c0                MX_TIM2_Init
 .text.HAL_UART_MspInit
                0x08001498       0x80 CMakeFiles/f407zgt6.elf.dir/Core/Src/usart.c.obj
                0x08001498                HAL_UART_MspInit
 .text.U1_Printf
                0x08001518       0x3c CMakeFiles/f407zgt6.elf.dir/Core/Src/usart.c.obj
                0x08001518                U1_Printf
 .text.U1_CB_Init
                0x08001554       0x24 CMakeFiles/f407zgt6.elf.dir/Core/Src/usart.c.obj
                0x08001554                U1_CB_Init
 .text.MX_USART1_UART_Init
                0x08001578       0x58 CMakeFiles/f407zgt6.elf.dir/Core/Src/usart.c.obj
                0x08001578                MX_USART1_UART_Init
 .text.Reset_Handler
                0x080015d0       0x50 CMakeFiles/f407zgt6.elf.dir/Core/Startup/startup_stm32f407zgtx.s.obj
                0x080015d0                Reset_Handler
 .text.Default_Handler
                0x08001620        0x2 CMakeFiles/f407zgt6.elf.dir/Core/Startup/startup_stm32f407zgtx.s.obj
                0x08001620                RTC_Alarm_IRQHandler
                0x08001620                HASH_RNG_IRQHandler
                0x08001620                EXTI2_IRQHandler
                0x08001620                TIM8_CC_IRQHandler
                0x08001620                TIM1_CC_IRQHandler
                0x08001620                DMA2_Stream5_IRQHandler
                0x08001620                DMA1_Stream5_IRQHandler
                0x08001620                PVD_IRQHandler
                0x08001620                SDIO_IRQHandler
                0x08001620                TAMP_STAMP_IRQHandler
                0x08001620                CAN2_RX1_IRQHandler
                0x08001620                EXTI3_IRQHandler
                0x08001620                TIM8_TRG_COM_TIM14_IRQHandler
                0x08001620                TIM1_UP_TIM10_IRQHandler
                0x08001620                TIM8_UP_TIM13_IRQHandler
                0x08001620                I2C3_ER_IRQHandler
                0x08001620                EXTI0_IRQHandler
                0x08001620                I2C2_EV_IRQHandler
                0x08001620                DMA1_Stream2_IRQHandler
                0x08001620                CAN1_RX0_IRQHandler
                0x08001620                FPU_IRQHandler
                0x08001620                OTG_HS_WKUP_IRQHandler
                0x08001620                CAN2_SCE_IRQHandler
                0x08001620                DMA2_Stream2_IRQHandler
                0x08001620                SPI1_IRQHandler
                0x08001620                TIM6_DAC_IRQHandler
                0x08001620                TIM1_BRK_TIM9_IRQHandler
                0x08001620                DCMI_IRQHandler
                0x08001620                CAN2_RX0_IRQHandler
                0x08001620                DMA2_Stream3_IRQHandler
                0x08001620                USART6_IRQHandler
                0x08001620                USART3_IRQHandler
                0x08001620                CAN1_RX1_IRQHandler
                0x08001620                UART5_IRQHandler
                0x08001620                DMA2_Stream0_IRQHandler
                0x08001620                TIM4_IRQHandler
                0x08001620                I2C1_EV_IRQHandler
                0x08001620                DMA1_Stream6_IRQHandler
                0x08001620                DMA1_Stream1_IRQHandler
                0x08001620                UART4_IRQHandler
                0x08001620                TIM3_IRQHandler
                0x08001620                RCC_IRQHandler
                0x08001620                TIM8_BRK_TIM12_IRQHandler
                0x08001620                Default_Handler
                0x08001620                EXTI15_10_IRQHandler
                0x08001620                ADC_IRQHandler
                0x08001620                DMA1_Stream7_IRQHandler
                0x08001620                TIM7_IRQHandler
                0x08001620                CAN2_TX_IRQHandler
                0x08001620                TIM5_IRQHandler
                0x08001620                DMA2_Stream7_IRQHandler
                0x08001620                I2C3_EV_IRQHandler
                0x08001620                EXTI9_5_IRQHandler
                0x08001620                RTC_WKUP_IRQHandler
                0x08001620                ETH_WKUP_IRQHandler
                0x08001620                SPI2_IRQHandler
                0x08001620                OTG_HS_EP1_IN_IRQHandler
                0x08001620                DMA1_Stream0_IRQHandler
                0x08001620                CAN1_TX_IRQHandler
                0x08001620                EXTI4_IRQHandler
                0x08001620                FSMC_IRQHandler
                0x08001620                ETH_IRQHandler
                0x08001620                OTG_HS_EP1_OUT_IRQHandler
                0x08001620                WWDG_IRQHandler
                0x08001620                TIM2_IRQHandler
                0x08001620                OTG_FS_WKUP_IRQHandler
                0x08001620                TIM1_TRG_COM_TIM11_IRQHandler
                0x08001620                OTG_HS_IRQHandler
                0x08001620                EXTI1_IRQHandler
                0x08001620                USART2_IRQHandler
                0x08001620                I2C2_ER_IRQHandler
                0x08001620                DMA2_Stream1_IRQHandler
                0x08001620                CAN1_SCE_IRQHandler
                0x08001620                FLASH_IRQHandler
                0x08001620                DMA2_Stream4_IRQHandler
                0x08001620                OTG_FS_IRQHandler
                0x08001620                SPI3_IRQHandler
                0x08001620                DMA1_Stream4_IRQHandler
                0x08001620                I2C1_ER_IRQHandler
                0x08001620                DMA2_Stream6_IRQHandler
                0x08001620                DMA1_Stream3_IRQHandler
 *fill*         0x08001622        0x2 
 .text.HAL_InitTick
                0x08001624       0x4c CMakeFiles/f407zgt6.elf.dir/Drivers/STM32F4xx_HAL_Driver/Src/stm32f4xx_hal.c.obj
                0x08001624                HAL_InitTick
 .text.HAL_Init
                0x08001670       0x34 CMakeFiles/f407zgt6.elf.dir/Drivers/STM32F4xx_HAL_Driver/Src/stm32f4xx_hal.c.obj
                0x08001670                HAL_Init
 .text.HAL_IncTick
                0x080016a4       0x18 CMakeFiles/f407zgt6.elf.dir/Drivers/STM32F4xx_HAL_Driver/Src/stm32f4xx_hal.c.obj
                0x080016a4                HAL_IncTick
 .text.HAL_GetTick
                0x080016bc        0xc CMakeFiles/f407zgt6.elf.dir/Drivers/STM32F4xx_HAL_Driver/Src/stm32f4xx_hal.c.obj
                0x080016bc                HAL_GetTick
 .text.__NVIC_SetPriority
                0x080016c8       0x28 CMakeFiles/f407zgt6.elf.dir/Drivers/STM32F4xx_HAL_Driver/Src/stm32f4xx_hal_cortex.c.obj
 .text.NVIC_EncodePriority
                0x080016f0       0x3e CMakeFiles/f407zgt6.elf.dir/Drivers/STM32F4xx_HAL_Driver/Src/stm32f4xx_hal_cortex.c.obj
 *fill*         0x0800172e        0x2 
 .text.HAL_NVIC_SetPriorityGrouping
                0x08001730       0x24 CMakeFiles/f407zgt6.elf.dir/Drivers/STM32F4xx_HAL_Driver/Src/stm32f4xx_hal_cortex.c.obj
                0x08001730                HAL_NVIC_SetPriorityGrouping
 .text.HAL_NVIC_SetPriority
                0x08001754       0x20 CMakeFiles/f407zgt6.elf.dir/Drivers/STM32F4xx_HAL_Driver/Src/stm32f4xx_hal_cortex.c.obj
                0x08001754                HAL_NVIC_SetPriority
 .text.HAL_NVIC_EnableIRQ
                0x08001774       0x1c CMakeFiles/f407zgt6.elf.dir/Drivers/STM32F4xx_HAL_Driver/Src/stm32f4xx_hal_cortex.c.obj
                0x08001774                HAL_NVIC_EnableIRQ
 .text.HAL_SYSTICK_Config
                0x08001790       0x28 CMakeFiles/f407zgt6.elf.dir/Drivers/STM32F4xx_HAL_Driver/Src/stm32f4xx_hal_cortex.c.obj
                0x08001790                HAL_SYSTICK_Config
 .text.HAL_DMA_Abort
                0x080017b8       0x94 CMakeFiles/f407zgt6.elf.dir/Drivers/STM32F4xx_HAL_Driver/Src/stm32f4xx_hal_dma.c.obj
                0x080017b8                HAL_DMA_Abort
 .text.HAL_DMA_Abort_IT
                0x0800184c       0x26 CMakeFiles/f407zgt6.elf.dir/Drivers/STM32F4xx_HAL_Driver/Src/stm32f4xx_hal_dma.c.obj
                0x0800184c                HAL_DMA_Abort_IT
 *fill*         0x08001872        0x2 
 .text.HAL_GPIO_Init
                0x08001874      0x1ec CMakeFiles/f407zgt6.elf.dir/Drivers/STM32F4xx_HAL_Driver/Src/stm32f4xx_hal_gpio.c.obj
                0x08001874                HAL_GPIO_Init
 .text.HAL_GPIO_WritePin
                0x08001a60        0xc CMakeFiles/f407zgt6.elf.dir/Drivers/STM32F4xx_HAL_Driver/Src/stm32f4xx_hal_gpio.c.obj
                0x08001a60                HAL_GPIO_WritePin
 .text.HAL_RCC_OscConfig
                0x08001a6c      0x3f8 CMakeFiles/f407zgt6.elf.dir/Drivers/STM32F4xx_HAL_Driver/Src/stm32f4xx_hal_rcc.c.obj
                0x08001a6c                HAL_RCC_OscConfig
 .text.HAL_RCC_GetSysClockFreq
                0x08001e64       0xdc CMakeFiles/f407zgt6.elf.dir/Drivers/STM32F4xx_HAL_Driver/Src/stm32f4xx_hal_rcc.c.obj
                0x08001e64                HAL_RCC_GetSysClockFreq
 .text.HAL_RCC_ClockConfig
                0x08001f40      0x160 CMakeFiles/f407zgt6.elf.dir/Drivers/STM32F4xx_HAL_Driver/Src/stm32f4xx_hal_rcc.c.obj
                0x08001f40                HAL_RCC_ClockConfig
 .text.HAL_RCC_GetHCLKFreq
                0x080020a0        0xc CMakeFiles/f407zgt6.elf.dir/Drivers/STM32F4xx_HAL_Driver/Src/stm32f4xx_hal_rcc.c.obj
                0x080020a0                HAL_RCC_GetHCLKFreq
 .text.HAL_RCC_GetPCLK1Freq
                0x080020ac       0x20 CMakeFiles/f407zgt6.elf.dir/Drivers/STM32F4xx_HAL_Driver/Src/stm32f4xx_hal_rcc.c.obj
                0x080020ac                HAL_RCC_GetPCLK1Freq
 .text.HAL_RCC_GetPCLK2Freq
                0x080020cc       0x20 CMakeFiles/f407zgt6.elf.dir/Drivers/STM32F4xx_HAL_Driver/Src/stm32f4xx_hal_rcc.c.obj
                0x080020cc                HAL_RCC_GetPCLK2Freq
 .text.TIM_OC1_SetConfig
                0x080020ec       0x70 CMakeFiles/f407zgt6.elf.dir/Drivers/STM32F4xx_HAL_Driver/Src/stm32f4xx_hal_tim.c.obj
 .text.TIM_OC3_SetConfig
                0x0800215c       0x70 CMakeFiles/f407zgt6.elf.dir/Drivers/STM32F4xx_HAL_Driver/Src/stm32f4xx_hal_tim.c.obj
 .text.TIM_OC4_SetConfig
                0x080021cc       0x50 CMakeFiles/f407zgt6.elf.dir/Drivers/STM32F4xx_HAL_Driver/Src/stm32f4xx_hal_tim.c.obj
 .text.TIM_TI1_ConfigInputStage
                0x0800221c       0x26 CMakeFiles/f407zgt6.elf.dir/Drivers/STM32F4xx_HAL_Driver/Src/stm32f4xx_hal_tim.c.obj
 .text.TIM_TI2_ConfigInputStage
                0x08002242       0x28 CMakeFiles/f407zgt6.elf.dir/Drivers/STM32F4xx_HAL_Driver/Src/stm32f4xx_hal_tim.c.obj
 .text.TIM_ITRx_SetConfig
                0x0800226a       0x10 CMakeFiles/f407zgt6.elf.dir/Drivers/STM32F4xx_HAL_Driver/Src/stm32f4xx_hal_tim.c.obj
 .text.HAL_TIM_PWM_MspInit
                0x0800227a        0x2 CMakeFiles/f407zgt6.elf.dir/Drivers/STM32F4xx_HAL_Driver/Src/stm32f4xx_hal_tim.c.obj
                0x0800227a                HAL_TIM_PWM_MspInit
 .text.TIM_Base_SetConfig
                0x0800227c       0xc8 CMakeFiles/f407zgt6.elf.dir/Drivers/STM32F4xx_HAL_Driver/Src/stm32f4xx_hal_tim.c.obj
                0x0800227c                TIM_Base_SetConfig
 .text.HAL_TIM_Base_Init
                0x08002344       0x58 CMakeFiles/f407zgt6.elf.dir/Drivers/STM32F4xx_HAL_Driver/Src/stm32f4xx_hal_tim.c.obj
                0x08002344                HAL_TIM_Base_Init
 .text.HAL_TIM_PWM_Init
                0x0800239c       0x58 CMakeFiles/f407zgt6.elf.dir/Drivers/STM32F4xx_HAL_Driver/Src/stm32f4xx_hal_tim.c.obj
                0x0800239c                HAL_TIM_PWM_Init
 .text.TIM_OC2_SetConfig
                0x080023f4       0x70 CMakeFiles/f407zgt6.elf.dir/Drivers/STM32F4xx_HAL_Driver/Src/stm32f4xx_hal_tim.c.obj
                0x080023f4                TIM_OC2_SetConfig
 .text.HAL_TIM_PWM_ConfigChannel
                0x08002464       0xdc CMakeFiles/f407zgt6.elf.dir/Drivers/STM32F4xx_HAL_Driver/Src/stm32f4xx_hal_tim.c.obj
                0x08002464                HAL_TIM_PWM_ConfigChannel
 .text.TIM_ETR_SetConfig
                0x08002540       0x1a CMakeFiles/f407zgt6.elf.dir/Drivers/STM32F4xx_HAL_Driver/Src/stm32f4xx_hal_tim.c.obj
                0x08002540                TIM_ETR_SetConfig
 .text.HAL_TIM_ConfigClockSource
                0x0800255a       0xfe CMakeFiles/f407zgt6.elf.dir/Drivers/STM32F4xx_HAL_Driver/Src/stm32f4xx_hal_tim.c.obj
                0x0800255a                HAL_TIM_ConfigClockSource
 .text.TIM_CCxChannelCmd
                0x08002658       0x1e CMakeFiles/f407zgt6.elf.dir/Drivers/STM32F4xx_HAL_Driver/Src/stm32f4xx_hal_tim.c.obj
                0x08002658                TIM_CCxChannelCmd
 *fill*         0x08002676        0x2 
 .text.HAL_TIM_PWM_Start
                0x08002678      0x104 CMakeFiles/f407zgt6.elf.dir/Drivers/STM32F4xx_HAL_Driver/Src/stm32f4xx_hal_tim.c.obj
                0x08002678                HAL_TIM_PWM_Start
 .text.HAL_TIMEx_MasterConfigSynchronization
                0x0800277c       0x8c CMakeFiles/f407zgt6.elf.dir/Drivers/STM32F4xx_HAL_Driver/Src/stm32f4xx_hal_tim_ex.c.obj
                0x0800277c                HAL_TIMEx_MasterConfigSynchronization
 .text.UART_EndRxTransfer
                0x08002808       0x5c CMakeFiles/f407zgt6.elf.dir/Drivers/STM32F4xx_HAL_Driver/Src/stm32f4xx_hal_uart.c.obj
 .text.UART_Transmit_IT
                0x08002864       0x60 CMakeFiles/f407zgt6.elf.dir/Drivers/STM32F4xx_HAL_Driver/Src/stm32f4xx_hal_uart.c.obj
 .text.UART_SetConfig
                0x080028c4      0x110 CMakeFiles/f407zgt6.elf.dir/Drivers/STM32F4xx_HAL_Driver/Src/stm32f4xx_hal_uart.c.obj
 .text.UART_WaitOnFlagUntilTimeout
                0x080029d4       0x84 CMakeFiles/f407zgt6.elf.dir/Drivers/STM32F4xx_HAL_Driver/Src/stm32f4xx_hal_uart.c.obj
 .text.HAL_UART_Init
                0x08002a58       0x5e CMakeFiles/f407zgt6.elf.dir/Drivers/STM32F4xx_HAL_Driver/Src/stm32f4xx_hal_uart.c.obj
                0x08002a58                HAL_UART_Init
 .text.HAL_UART_Transmit
                0x08002ab6       0xd8 CMakeFiles/f407zgt6.elf.dir/Drivers/STM32F4xx_HAL_Driver/Src/stm32f4xx_hal_uart.c.obj
                0x08002ab6                HAL_UART_Transmit
 .text.HAL_UART_TxCpltCallback
                0x08002b8e        0x2 CMakeFiles/f407zgt6.elf.dir/Drivers/STM32F4xx_HAL_Driver/Src/stm32f4xx_hal_uart.c.obj
                0x08002b8e                HAL_UART_TxCpltCallback
 .text.UART_EndTransmit_IT
                0x08002b90       0x1a CMakeFiles/f407zgt6.elf.dir/Drivers/STM32F4xx_HAL_Driver/Src/stm32f4xx_hal_uart.c.obj
 .text.HAL_UART_RxCpltCallback
                0x08002baa        0x2 CMakeFiles/f407zgt6.elf.dir/Drivers/STM32F4xx_HAL_Driver/Src/stm32f4xx_hal_uart.c.obj
                0x08002baa                HAL_UART_RxCpltCallback
 .text.HAL_UART_ErrorCallback
                0x08002bac        0x2 CMakeFiles/f407zgt6.elf.dir/Drivers/STM32F4xx_HAL_Driver/Src/stm32f4xx_hal_uart.c.obj
                0x08002bac                HAL_UART_ErrorCallback
 .text.UART_DMAAbortOnError
                0x08002bae       0x10 CMakeFiles/f407zgt6.elf.dir/Drivers/STM32F4xx_HAL_Driver/Src/stm32f4xx_hal_uart.c.obj
 *fill*         0x08002bbe        0x2 
 .text.HAL_UART_AbortReceive_IT
                0x08002bc0       0xbc CMakeFiles/f407zgt6.elf.dir/Drivers/STM32F4xx_HAL_Driver/Src/stm32f4xx_hal_uart.c.obj
                0x08002bc0                HAL_UART_AbortReceive_IT
 .text.UART_DMARxOnlyAbortCallback
                0x08002c7c       0x16 CMakeFiles/f407zgt6.elf.dir/Drivers/STM32F4xx_HAL_Driver/Src/stm32f4xx_hal_uart.c.obj
 .text.HAL_UARTEx_RxEventCallback
                0x08002c92        0x2 CMakeFiles/f407zgt6.elf.dir/Drivers/STM32F4xx_HAL_Driver/Src/stm32f4xx_hal_uart.c.obj
                0x08002c92                HAL_UARTEx_RxEventCallback
 .text.UART_Receive_IT
                0x08002c94       0xe2 CMakeFiles/f407zgt6.elf.dir/Drivers/STM32F4xx_HAL_Driver/Src/stm32f4xx_hal_uart.c.obj
 *fill*         0x08002d76        0x2 
 .text.HAL_UART_IRQHandler
                0x08002d78      0x27c CMakeFiles/f407zgt6.elf.dir/Drivers/STM32F4xx_HAL_Driver/Src/stm32f4xx_hal_uart.c.obj
                0x08002d78                HAL_UART_IRQHandler
 .text.UART_Start_Receive_IT
                0x08002ff4       0x3a CMakeFiles/f407zgt6.elf.dir/Drivers/STM32F4xx_HAL_Driver/Src/stm32f4xx_hal_uart.c.obj
                0x08002ff4                UART_Start_Receive_IT
 .text.HAL_UART_Receive_IT
                0x0800302e       0x38 CMakeFiles/f407zgt6.elf.dir/Drivers/STM32F4xx_HAL_Driver/Src/stm32f4xx_hal_uart.c.obj
                0x0800302e                HAL_UART_Receive_IT
 *fill*         0x08003066        0x2 
 .text.Sector_Judge
                0x08003068       0x80 CMakeFiles/f407zgt6.elf.dir/User/SVPWM/svpwm.c.obj
                0x08003068                Sector_Judge
 .text.Cal_Time
                0x080030e8       0x8c CMakeFiles/f407zgt6.elf.dir/User/SVPWM/svpwm.c.obj
                0x080030e8                Cal_Time
 .text.Time_balance
                0x08003174       0xc0 CMakeFiles/f407zgt6.elf.dir/User/SVPWM/svpwm.c.obj
                0x08003174                Time_balance
 .text.Inv_Park
                0x08003234       0xbe CMakeFiles/f407zgt6.elf.dir/User/SVPWM/svpwm.c.obj
                0x08003234                Inv_Park
 *fill*         0x080032f2        0x2 
 .text.__udivmoddi4
                0x080032f4      0x2bc c:/arm-gnu-toolchain/bin/../lib/gcc/arm-none-eabi/12.3.1/thumb/v7e-m+fp/hard\libgcc.a(_udivmoddi4.o)
                0x080032f4                __udivmoddi4
 .text.stdio_exit_handler
                0x080035b0       0x18 c:/arm-gnu-toolchain/bin/../lib/gcc/arm-none-eabi/12.3.1/thumb/v7e-m+fp/hard\libg.a(libc_a-findfp.o)
 .text.cleanup_stdio
                0x080035c8       0x40 c:/arm-gnu-toolchain/bin/../lib/gcc/arm-none-eabi/12.3.1/thumb/v7e-m+fp/hard\libg.a(libc_a-findfp.o)
 .text.global_stdio_init.part.0
                0x08003608       0xf0 c:/arm-gnu-toolchain/bin/../lib/gcc/arm-none-eabi/12.3.1/thumb/v7e-m+fp/hard\libg.a(libc_a-findfp.o)
 .text.__sinit  0x080036f8       0x3c c:/arm-gnu-toolchain/bin/../lib/gcc/arm-none-eabi/12.3.1/thumb/v7e-m+fp/hard\libg.a(libc_a-findfp.o)
                0x080036f8                __sinit
 .text.__sfp_lock_acquire
                0x08003734        0xc c:/arm-gnu-toolchain/bin/../lib/gcc/arm-none-eabi/12.3.1/thumb/v7e-m+fp/hard\libg.a(libc_a-findfp.o)
                0x08003734                __sfp_lock_acquire
 .text.__sfp_lock_release
                0x08003740        0xc c:/arm-gnu-toolchain/bin/../lib/gcc/arm-none-eabi/12.3.1/thumb/v7e-m+fp/hard\libg.a(libc_a-findfp.o)
                0x08003740                __sfp_lock_release
 .text._fwalk_sglue
                0x0800374c       0x48 c:/arm-gnu-toolchain/bin/../lib/gcc/arm-none-eabi/12.3.1/thumb/v7e-m+fp/hard\libg.a(libc_a-fwalk.o)
                0x0800374c                _fwalk_sglue
 .text.__sread  0x08003794       0x24 c:/arm-gnu-toolchain/bin/../lib/gcc/arm-none-eabi/12.3.1/thumb/v7e-m+fp/hard\libg.a(libc_a-stdio.o)
                0x08003794                __sread
 .text.__swrite
                0x080037b8       0x40 c:/arm-gnu-toolchain/bin/../lib/gcc/arm-none-eabi/12.3.1/thumb/v7e-m+fp/hard\libg.a(libc_a-stdio.o)
                0x080037b8                __swrite
 .text.__sseek  0x080037f8       0x24 c:/arm-gnu-toolchain/bin/../lib/gcc/arm-none-eabi/12.3.1/thumb/v7e-m+fp/hard\libg.a(libc_a-stdio.o)
                0x080037f8                __sseek
 .text.__sclose
                0x0800381c        0x8 c:/arm-gnu-toolchain/bin/../lib/gcc/arm-none-eabi/12.3.1/thumb/v7e-m+fp/hard\libg.a(libc_a-stdio.o)
                0x0800381c                __sclose
 .text.vsprintf
                0x08003824       0x38 c:/arm-gnu-toolchain/bin/../lib/gcc/arm-none-eabi/12.3.1/thumb/v7e-m+fp/hard\libg.a(libc_a-vsprintf.o)
                0x08003824                vsprintf
 .text.memset   0x0800385c       0xa4 c:/arm-gnu-toolchain/bin/../lib/gcc/arm-none-eabi/12.3.1/thumb/v7e-m+fp/hard\libg.a(libc_a-memset.o)
                0x0800385c                memset
 .text._close_r
                0x08003900       0x24 c:/arm-gnu-toolchain/bin/../lib/gcc/arm-none-eabi/12.3.1/thumb/v7e-m+fp/hard\libg.a(libc_a-closer.o)
                0x08003900                _close_r
 .text._lseek_r
                0x08003924       0x2c c:/arm-gnu-toolchain/bin/../lib/gcc/arm-none-eabi/12.3.1/thumb/v7e-m+fp/hard\libg.a(libc_a-lseekr.o)
                0x08003924                _lseek_r
 .text._read_r  0x08003950       0x2c c:/arm-gnu-toolchain/bin/../lib/gcc/arm-none-eabi/12.3.1/thumb/v7e-m+fp/hard\libg.a(libc_a-readr.o)
                0x08003950                _read_r
 .text._write_r
                0x0800397c       0x2c c:/arm-gnu-toolchain/bin/../lib/gcc/arm-none-eabi/12.3.1/thumb/v7e-m+fp/hard\libg.a(libc_a-writer.o)
                0x0800397c                _write_r
 .text.__errno  0x080039a8        0xc c:/arm-gnu-toolchain/bin/../lib/gcc/arm-none-eabi/12.3.1/thumb/v7e-m+fp/hard\libg.a(libc_a-errno.o)
                0x080039a8                __errno
 .text.__libc_init_array
                0x080039b4       0x50 c:/arm-gnu-toolchain/bin/../lib/gcc/arm-none-eabi/12.3.1/thumb/v7e-m+fp/hard\libg.a(libc_a-init.o)
                0x080039b4                __libc_init_array
 .text.__retarget_lock_init_recursive
                0x08003a04        0x4 c:/arm-gnu-toolchain/bin/../lib/gcc/arm-none-eabi/12.3.1/thumb/v7e-m+fp/hard\libg.a(libc_a-lock.o)
                0x08003a04                __retarget_lock_init_recursive
 .text.__retarget_lock_close_recursive
                0x08003a08        0x4 c:/arm-gnu-toolchain/bin/../lib/gcc/arm-none-eabi/12.3.1/thumb/v7e-m+fp/hard\libg.a(libc_a-lock.o)
                0x08003a08                __retarget_lock_close_recursive
 .text.__retarget_lock_acquire_recursive
                0x08003a0c        0x4 c:/arm-gnu-toolchain/bin/../lib/gcc/arm-none-eabi/12.3.1/thumb/v7e-m+fp/hard\libg.a(libc_a-lock.o)
                0x08003a0c                __retarget_lock_acquire_recursive
 .text.__retarget_lock_release_recursive
                0x08003a10        0x4 c:/arm-gnu-toolchain/bin/../lib/gcc/arm-none-eabi/12.3.1/thumb/v7e-m+fp/hard\libg.a(libc_a-lock.o)
                0x08003a10                __retarget_lock_release_recursive
 .text.startup.register_fini
                0x08003a14       0x14 c:/arm-gnu-toolchain/bin/../lib/gcc/arm-none-eabi/12.3.1/thumb/v7e-m+fp/hard\libg.a(libc_a-__call_atexit.o)
 .text.atexit   0x08003a28        0xc c:/arm-gnu-toolchain/bin/../lib/gcc/arm-none-eabi/12.3.1/thumb/v7e-m+fp/hard\libg.a(libc_a-atexit.o)
                0x08003a28                atexit
 .text._malloc_trim_r
                0x08003a34       0xb8 c:/arm-gnu-toolchain/bin/../lib/gcc/arm-none-eabi/12.3.1/thumb/v7e-m+fp/hard\libg.a(libc_a-freer.o)
                0x08003a34                _malloc_trim_r
 .text._free_r  0x08003aec      0x1fc c:/arm-gnu-toolchain/bin/../lib/gcc/arm-none-eabi/12.3.1/thumb/v7e-m+fp/hard\libg.a(libc_a-freer.o)
                0x08003aec                _free_r
 .text._malloc_r
                0x08003ce8      0x574 c:/arm-gnu-toolchain/bin/../lib/gcc/arm-none-eabi/12.3.1/thumb/v7e-m+fp/hard\libg.a(libc_a-mallocr.o)
                0x08003ce8                _malloc_r
 .text.__malloc_lock
                0x0800425c        0xc c:/arm-gnu-toolchain/bin/../lib/gcc/arm-none-eabi/12.3.1/thumb/v7e-m+fp/hard\libg.a(libc_a-mlock.o)
                0x0800425c                __malloc_lock
 .text.__malloc_unlock
                0x08004268        0xc c:/arm-gnu-toolchain/bin/../lib/gcc/arm-none-eabi/12.3.1/thumb/v7e-m+fp/hard\libg.a(libc_a-mlock.o)
                0x08004268                __malloc_unlock
 *fill*         0x08004274        0x4 
 .text._svfprintf_r
                0x08004278     0x1bc0 c:/arm-gnu-toolchain/bin/../lib/gcc/arm-none-eabi/12.3.1/thumb/v7e-m+fp/hard\libg.a(libc_a-svfprintf.o)
                0x08004278                _svfprintf_r
 .text._fclose_r
                0x08005e38       0xc0 c:/arm-gnu-toolchain/bin/../lib/gcc/arm-none-eabi/12.3.1/thumb/v7e-m+fp/hard\libg.a(libc_a-fclose.o)
                0x08005e38                _fclose_r
 .text.__sflush_r
                0x08005ef8      0x138 c:/arm-gnu-toolchain/bin/../lib/gcc/arm-none-eabi/12.3.1/thumb/v7e-m+fp/hard\libg.a(libc_a-fflush.o)
                0x08005ef8                __sflush_r
 .text._fflush_r
                0x08006030       0x54 c:/arm-gnu-toolchain/bin/../lib/gcc/arm-none-eabi/12.3.1/thumb/v7e-m+fp/hard\libg.a(libc_a-fflush.o)
                0x08006030                _fflush_r
 .text.strncpy  0x08006084       0x68 c:/arm-gnu-toolchain/bin/../lib/gcc/arm-none-eabi/12.3.1/thumb/v7e-m+fp/hard\libg.a(libc_a-strncpy.o)
                0x08006084                strncpy
 .text.__locale_mb_cur_max
                0x080060ec        0xc c:/arm-gnu-toolchain/bin/../lib/gcc/arm-none-eabi/12.3.1/thumb/v7e-m+fp/hard\libg.a(libc_a-locale.o)
                0x080060ec                __locale_mb_cur_max
 .text._localeconv_r
                0x080060f8        0x8 c:/arm-gnu-toolchain/bin/../lib/gcc/arm-none-eabi/12.3.1/thumb/v7e-m+fp/hard\libg.a(libc_a-localeconv.o)
                0x080060f8                _localeconv_r
 .text._sbrk_r  0x08006100       0x24 c:/arm-gnu-toolchain/bin/../lib/gcc/arm-none-eabi/12.3.1/thumb/v7e-m+fp/hard\libg.a(libc_a-sbrkr.o)
                0x08006100                _sbrk_r
 .text.__libc_fini_array
                0x08006124       0x28 c:/arm-gnu-toolchain/bin/../lib/gcc/arm-none-eabi/12.3.1/thumb/v7e-m+fp/hard\libg.a(libc_a-fini.o)
                0x08006124                __libc_fini_array
 .text.sysconf  0x0800614c       0x1c c:/arm-gnu-toolchain/bin/../lib/gcc/arm-none-eabi/12.3.1/thumb/v7e-m+fp/hard\libg.a(libc_a-sysconf.o)
                0x0800614c                sysconf
 .text.frexp    0x08006168       0x68 c:/arm-gnu-toolchain/bin/../lib/gcc/arm-none-eabi/12.3.1/thumb/v7e-m+fp/hard\libg.a(libm_a-s_frexp.o)
                0x08006168                frexp
 .text.__register_exitproc
                0x080061d0       0x80 c:/arm-gnu-toolchain/bin/../lib/gcc/arm-none-eabi/12.3.1/thumb/v7e-m+fp/hard\libg.a(libc_a-__atexit.o)
                0x080061d0                __register_exitproc
 .text.quorem   0x08006250      0x12c c:/arm-gnu-toolchain/bin/../lib/gcc/arm-none-eabi/12.3.1/thumb/v7e-m+fp/hard\libg.a(libc_a-dtoa.o)
 *fill*         0x0800637c        0x4 
 .text._dtoa_r  0x08006380      0xe4c c:/arm-gnu-toolchain/bin/../lib/gcc/arm-none-eabi/12.3.1/thumb/v7e-m+fp/hard\libg.a(libc_a-dtoa.o)
                0x08006380                _dtoa_r
 .text.__ascii_mbtowc
                0x080071cc       0x2c c:/arm-gnu-toolchain/bin/../lib/gcc/arm-none-eabi/12.3.1/thumb/v7e-m+fp/hard\libg.a(libc_a-mbtowc_r.o)
                0x080071cc                __ascii_mbtowc
 .text._Balloc  0x080071f8       0x4c c:/arm-gnu-toolchain/bin/../lib/gcc/arm-none-eabi/12.3.1/thumb/v7e-m+fp/hard\libg.a(libc_a-mprec.o)
                0x080071f8                _Balloc
 .text._Bfree   0x08007244       0x14 c:/arm-gnu-toolchain/bin/../lib/gcc/arm-none-eabi/12.3.1/thumb/v7e-m+fp/hard\libg.a(libc_a-mprec.o)
                0x08007244                _Bfree
 .text.__multadd
                0x08007258       0xa0 c:/arm-gnu-toolchain/bin/../lib/gcc/arm-none-eabi/12.3.1/thumb/v7e-m+fp/hard\libg.a(libc_a-mprec.o)
                0x08007258                __multadd
 .text.__hi0bits
                0x080072f8       0x44 c:/arm-gnu-toolchain/bin/../lib/gcc/arm-none-eabi/12.3.1/thumb/v7e-m+fp/hard\libg.a(libc_a-mprec.o)
                0x080072f8                __hi0bits
 .text.__lo0bits
                0x0800733c       0x60 c:/arm-gnu-toolchain/bin/../lib/gcc/arm-none-eabi/12.3.1/thumb/v7e-m+fp/hard\libg.a(libc_a-mprec.o)
                0x0800733c                __lo0bits
 .text.__i2b    0x0800739c       0x5c c:/arm-gnu-toolchain/bin/../lib/gcc/arm-none-eabi/12.3.1/thumb/v7e-m+fp/hard\libg.a(libc_a-mprec.o)
                0x0800739c                __i2b
 .text.__multiply
                0x080073f8      0x16c c:/arm-gnu-toolchain/bin/../lib/gcc/arm-none-eabi/12.3.1/thumb/v7e-m+fp/hard\libg.a(libc_a-mprec.o)
                0x080073f8                __multiply
 .text.__pow5mult
                0x08007564       0xb4 c:/arm-gnu-toolchain/bin/../lib/gcc/arm-none-eabi/12.3.1/thumb/v7e-m+fp/hard\libg.a(libc_a-mprec.o)
                0x08007564                __pow5mult
 .text.__lshift
                0x08007618       0xf0 c:/arm-gnu-toolchain/bin/../lib/gcc/arm-none-eabi/12.3.1/thumb/v7e-m+fp/hard\libg.a(libc_a-mprec.o)
                0x08007618                __lshift
 .text.__mcmp   0x08007708       0x44 c:/arm-gnu-toolchain/bin/../lib/gcc/arm-none-eabi/12.3.1/thumb/v7e-m+fp/hard\libg.a(libc_a-mprec.o)
                0x08007708                __mcmp
 .text.__mdiff  0x0800774c      0x164 c:/arm-gnu-toolchain/bin/../lib/gcc/arm-none-eabi/12.3.1/thumb/v7e-m+fp/hard\libg.a(libc_a-mprec.o)
                0x0800774c                __mdiff
 .text.__d2b    0x080078b0       0xc0 c:/arm-gnu-toolchain/bin/../lib/gcc/arm-none-eabi/12.3.1/thumb/v7e-m+fp/hard\libg.a(libc_a-mprec.o)
                0x080078b0                __d2b
 .text.__ascii_wctomb
                0x08007970       0x1c c:/arm-gnu-toolchain/bin/../lib/gcc/arm-none-eabi/12.3.1/thumb/v7e-m+fp/hard\libg.a(libc_a-wctomb_r.o)
                0x08007970                __ascii_wctomb
 .text._wcrtomb_r
                0x0800798c       0x4c c:/arm-gnu-toolchain/bin/../lib/gcc/arm-none-eabi/12.3.1/thumb/v7e-m+fp/hard\libg.a(libc_a-wcrtomb.o)
                0x0800798c                _wcrtomb_r
 .text._wcsrtombs_r
                0x080079d8       0x18 c:/arm-gnu-toolchain/bin/../lib/gcc/arm-none-eabi/12.3.1/thumb/v7e-m+fp/hard\libg.a(libc_a-wcsrtombs.o)
                0x080079d8                _wcsrtombs_r
 .text.__ssprint_r
                0x080079f0      0x108 c:/arm-gnu-toolchain/bin/../lib/gcc/arm-none-eabi/12.3.1/thumb/v7e-m+fp/hard\libg.a(libc_a-svfiprintf.o)
                0x080079f0                __ssprint_r
 .text.memmove  0x08007af8      0x100 c:/arm-gnu-toolchain/bin/../lib/gcc/arm-none-eabi/12.3.1/thumb/v7e-m+fp/hard\libg.a(libc_a-memmove.o)
                0x08007af8                memmove
 .text.__assert_func
                0x08007bf8       0x40 c:/arm-gnu-toolchain/bin/../lib/gcc/arm-none-eabi/12.3.1/thumb/v7e-m+fp/hard\libg.a(libc_a-assert.o)
                0x08007bf8                __assert_func
 .text._calloc_r
                0x08007c38       0x6c c:/arm-gnu-toolchain/bin/../lib/gcc/arm-none-eabi/12.3.1/thumb/v7e-m+fp/hard\libg.a(libc_a-callocr.o)
                0x08007c38                _calloc_r
 .text._realloc_r
                0x08007ca4      0x344 c:/arm-gnu-toolchain/bin/../lib/gcc/arm-none-eabi/12.3.1/thumb/v7e-m+fp/hard\libg.a(libc_a-reallocr.o)
                0x08007ca4                _realloc_r
 .text._wcsnrtombs_l
                0x08007fe8       0xfc c:/arm-gnu-toolchain/bin/../lib/gcc/arm-none-eabi/12.3.1/thumb/v7e-m+fp/hard\libg.a(libc_a-wcsnrtombs.o)
                0x08007fe8                _wcsnrtombs_l
 .text._wcsnrtombs_r
                0x080080e4       0x24 c:/arm-gnu-toolchain/bin/../lib/gcc/arm-none-eabi/12.3.1/thumb/v7e-m+fp/hard\libg.a(libc_a-wcsnrtombs.o)
                0x080080e4                _wcsnrtombs_r
 .text.fiprintf
                0x08008108       0x28 c:/arm-gnu-toolchain/bin/../lib/gcc/arm-none-eabi/12.3.1/thumb/v7e-m+fp/hard\libg.a(libc_a-fiprintf.o)
                0x08008108                fiprintf
 .text.__sprint_r.part.0
                0x08008130       0x78 c:/arm-gnu-toolchain/bin/../lib/gcc/arm-none-eabi/12.3.1/thumb/v7e-m+fp/hard\libg.a(libc_a-vfiprintf.o)
 .text._vfiprintf_r
                0x080081a8      0xfa8 c:/arm-gnu-toolchain/bin/../lib/gcc/arm-none-eabi/12.3.1/thumb/v7e-m+fp/hard\libg.a(libc_a-vfiprintf.o)
                0x080081a8                _vfiprintf_r
 .text.__sbprintf
                0x08009150       0x80 c:/arm-gnu-toolchain/bin/../lib/gcc/arm-none-eabi/12.3.1/thumb/v7e-m+fp/hard\libg.a(libc_a-vfiprintf.o)
 .text.__sfvwrite_r
                0x080091d0      0x300 c:/arm-gnu-toolchain/bin/../lib/gcc/arm-none-eabi/12.3.1/thumb/v7e-m+fp/hard\libg.a(libc_a-fvwrite.o)
                0x080091d0                __sfvwrite_r
 .text.__swsetup_r
                0x080094d0       0xc0 c:/arm-gnu-toolchain/bin/../lib/gcc/arm-none-eabi/12.3.1/thumb/v7e-m+fp/hard\libg.a(libc_a-wsetup.o)
                0x080094d0                __swsetup_r
 .text.__fputwc
                0x08009590       0x7c c:/arm-gnu-toolchain/bin/../lib/gcc/arm-none-eabi/12.3.1/thumb/v7e-m+fp/hard\libg.a(libc_a-fputwc.o)
                0x08009590                __fputwc
 .text._fputwc_r
                0x0800960c       0x60 c:/arm-gnu-toolchain/bin/../lib/gcc/arm-none-eabi/12.3.1/thumb/v7e-m+fp/hard\libg.a(libc_a-fputwc.o)
                0x0800960c                _fputwc_r
 .text.abort    0x0800966c       0x10 c:/arm-gnu-toolchain/bin/../lib/gcc/arm-none-eabi/12.3.1/thumb/v7e-m+fp/hard\libg.a(libc_a-abort.o)
                0x0800966c                abort
 .text.__smakebuf_r
                0x0800967c       0xdc c:/arm-gnu-toolchain/bin/../lib/gcc/arm-none-eabi/12.3.1/thumb/v7e-m+fp/hard\libg.a(libc_a-makebuf.o)
                0x0800967c                __smakebuf_r
 .text.__swbuf_r
                0x08009758       0xac c:/arm-gnu-toolchain/bin/../lib/gcc/arm-none-eabi/12.3.1/thumb/v7e-m+fp/hard\libg.a(libc_a-wbuf.o)
                0x08009758                __swbuf_r
 .text.raise    0x08009804       0x58 c:/arm-gnu-toolchain/bin/../lib/gcc/arm-none-eabi/12.3.1/thumb/v7e-m+fp/hard\libg.a(libc_a-signal.o)
                0x08009804                raise
 .text._fstat_r
                0x0800985c       0x2c c:/arm-gnu-toolchain/bin/../lib/gcc/arm-none-eabi/12.3.1/thumb/v7e-m+fp/hard\libg.a(libc_a-fstatr.o)
                0x0800985c                _fstat_r
 .text._isatty_r
                0x08009888       0x24 c:/arm-gnu-toolchain/bin/../lib/gcc/arm-none-eabi/12.3.1/thumb/v7e-m+fp/hard\libg.a(libc_a-isattyr.o)
                0x08009888                _isatty_r
 .text._kill_r  0x080098ac       0x2c c:/arm-gnu-toolchain/bin/../lib/gcc/arm-none-eabi/12.3.1/thumb/v7e-m+fp/hard\libg.a(libc_a-signalr.o)
                0x080098ac                _kill_r
 .text._getpid_r
                0x080098d8        0x4 c:/arm-gnu-toolchain/bin/../lib/gcc/arm-none-eabi/12.3.1/thumb/v7e-m+fp/hard\libg.a(libc_a-signalr.o)
                0x080098d8                _getpid_r
 *fill*         0x080098dc        0x4 
 .text.cos      0x080098e0       0x88 c:/arm-gnu-toolchain/bin/../lib/gcc/arm-none-eabi/12.3.1/thumb/v7e-m+fp/hard\libm.a(libm_a-s_cos.o)
                0x080098e0                cos
 .text.sin      0x08009968       0x90 c:/arm-gnu-toolchain/bin/../lib/gcc/arm-none-eabi/12.3.1/thumb/v7e-m+fp/hard\libm.a(libm_a-s_sin.o)
                0x08009968                sin
 .text.__kernel_cos
                0x080099f8      0x264 c:/arm-gnu-toolchain/bin/../lib/gcc/arm-none-eabi/12.3.1/thumb/v7e-m+fp/hard\libm.a(libm_a-k_cos.o)
                0x080099f8                __kernel_cos
 *fill*         0x08009c5c        0x4 
 .text.__kernel_sin
                0x08009c60      0x17c c:/arm-gnu-toolchain/bin/../lib/gcc/arm-none-eabi/12.3.1/thumb/v7e-m+fp/hard\libm.a(libm_a-k_sin.o)
                0x08009c60                __kernel_sin
 *fill*         0x08009ddc        0x4 
 .text.__ieee754_rem_pio2
                0x08009de0      0x444 c:/arm-gnu-toolchain/bin/../lib/gcc/arm-none-eabi/12.3.1/thumb/v7e-m+fp/hard\libm.a(libm_a-e_rem_pio2.o)
                0x08009de0                __ieee754_rem_pio2
 .text.fabs     0x0800a224       0x10 c:/arm-gnu-toolchain/bin/../lib/gcc/arm-none-eabi/12.3.1/thumb/v7e-m+fp/hard\libm.a(libm_a-s_fabs.o)
                0x0800a224                fabs
 *fill*         0x0800a234        0x4 
 .text.__kernel_rem_pio2
                0x0800a238      0x87c c:/arm-gnu-toolchain/bin/../lib/gcc/arm-none-eabi/12.3.1/thumb/v7e-m+fp/hard\libm.a(libm_a-k_rem_pio2.o)
                0x0800a238                __kernel_rem_pio2
 *fill*         0x0800aab4        0x4 
 .text.scalbn   0x0800aab8      0x114 c:/arm-gnu-toolchain/bin/../lib/gcc/arm-none-eabi/12.3.1/thumb/v7e-m+fp/hard\libm.a(libm_a-s_scalbn.o)
                0x0800aab8                scalbn
 *fill*         0x0800abcc        0x4 
 .text.floor    0x0800abd0      0x108 c:/arm-gnu-toolchain/bin/../lib/gcc/arm-none-eabi/12.3.1/thumb/v7e-m+fp/hard\libm.a(libm_a-s_floor.o)
                0x0800abd0                floor
 *(.glue_7)
 .glue_7        0x0800acd8        0x0 linker stubs
 *(.glue_7t)
 .glue_7t       0x0800acd8        0x0 linker stubs
 *(.eh_frame)
 .eh_frame      0x0800acd8        0x0 c:/arm-gnu-toolchain/bin/../lib/gcc/arm-none-eabi/12.3.1/thumb/v7e-m+fp/hard/crtbegin.o
 *(.init)
 .init          0x0800acd8        0x4 c:/arm-gnu-toolchain/bin/../lib/gcc/arm-none-eabi/12.3.1/thumb/v7e-m+fp/hard/crti.o
                0x0800acd8                _init
 .init          0x0800acdc        0x8 c:/arm-gnu-toolchain/bin/../lib/gcc/arm-none-eabi/12.3.1/thumb/v7e-m+fp/hard/crtn.o
 *(.fini)
 .fini          0x0800ace4        0x4 c:/arm-gnu-toolchain/bin/../lib/gcc/arm-none-eabi/12.3.1/thumb/v7e-m+fp/hard/crti.o
                0x0800ace4                _fini
 .fini          0x0800ace8        0x8 c:/arm-gnu-toolchain/bin/../lib/gcc/arm-none-eabi/12.3.1/thumb/v7e-m+fp/hard/crtn.o
                0x0800acf0                        . = ALIGN (0x4)
                0x0800acf0                        _etext = .

.vfp11_veneer   0x0800acf0        0x0
 .vfp11_veneer  0x0800acf0        0x0 linker stubs

.v4_bx          0x0800acf0        0x0
 .v4_bx         0x0800acf0        0x0 linker stubs

.iplt           0x0800acf0        0x0
 .iplt          0x0800acf0        0x0 c:/arm-gnu-toolchain/bin/../lib/gcc/arm-none-eabi/12.3.1/thumb/v7e-m+fp/hard/crtbegin.o

.rodata         0x0800acf0      0x600
                0x0800acf0                        . = ALIGN (0x4)
 *(.rodata)
 *(.rodata*)
 .rodata.main.str1.4
                0x0800acf0       0x1d CMakeFiles/f407zgt6.elf.dir/Core/Src/main.c.obj
 *fill*         0x0800ad0d        0x3 
 .rodata.APBPrescTable
                0x0800ad10        0x8 CMakeFiles/f407zgt6.elf.dir/Core/Src/system_stm32f4xx.c.obj
                0x0800ad10                APBPrescTable
 .rodata.AHBPrescTable
                0x0800ad18       0x10 CMakeFiles/f407zgt6.elf.dir/Core/Src/system_stm32f4xx.c.obj
                0x0800ad18                AHBPrescTable
 .rodata._svfprintf_r.str1.4
                0x0800ad28       0x42 c:/arm-gnu-toolchain/bin/../lib/gcc/arm-none-eabi/12.3.1/thumb/v7e-m+fp/hard\libg.a(libc_a-svfprintf.o)
 *fill*         0x0800ad6a        0x2 
 .rodata.zeroes.0
                0x0800ad6c       0x10 c:/arm-gnu-toolchain/bin/../lib/gcc/arm-none-eabi/12.3.1/thumb/v7e-m+fp/hard\libg.a(libc_a-svfprintf.o)
 .rodata.blanks.1
                0x0800ad7c       0x10 c:/arm-gnu-toolchain/bin/../lib/gcc/arm-none-eabi/12.3.1/thumb/v7e-m+fp/hard\libg.a(libc_a-svfprintf.o)
 .rodata.str1.4
                0x0800ad8c       0x48 c:/arm-gnu-toolchain/bin/../lib/gcc/arm-none-eabi/12.3.1/thumb/v7e-m+fp/hard\libg.a(libc_a-locale.o)
                                 0x4c (size before relaxing)
 .rodata._dtoa_r.str1.4
                0x0800add4       0x7d c:/arm-gnu-toolchain/bin/../lib/gcc/arm-none-eabi/12.3.1/thumb/v7e-m+fp/hard\libg.a(libc_a-dtoa.o)
                                 0x81 (size before relaxing)
 *fill*         0x0800ae51        0x3 
 .rodata.__multadd.str1.4
                0x0800ae54       0x5a c:/arm-gnu-toolchain/bin/../lib/gcc/arm-none-eabi/12.3.1/thumb/v7e-m+fp/hard\libg.a(libc_a-mprec.o)
                                 0x6e (size before relaxing)
 *fill*         0x0800aeae        0x2 
 .rodata.p05.0  0x0800aeb0        0xc c:/arm-gnu-toolchain/bin/../lib/gcc/arm-none-eabi/12.3.1/thumb/v7e-m+fp/hard\libg.a(libc_a-mprec.o)
 *fill*         0x0800aebc        0x4 
 .rodata.__mprec_bigtens
                0x0800aec0       0x28 c:/arm-gnu-toolchain/bin/../lib/gcc/arm-none-eabi/12.3.1/thumb/v7e-m+fp/hard\libg.a(libc_a-mprec.o)
                0x0800aec0                __mprec_bigtens
 .rodata.__mprec_tens
                0x0800aee8       0xc8 c:/arm-gnu-toolchain/bin/../lib/gcc/arm-none-eabi/12.3.1/thumb/v7e-m+fp/hard\libg.a(libc_a-mprec.o)
                0x0800aee8                __mprec_tens
 .rodata._ctype_
                0x0800afb0      0x101 c:/arm-gnu-toolchain/bin/../lib/gcc/arm-none-eabi/12.3.1/thumb/v7e-m+fp/hard\libg.a(libc_a-ctype_.o)
                0x0800afb0                _ctype_
 *fill*         0x0800b0b1        0x3 
 .rodata.__assert_func.str1.4
                0x0800b0b4       0x3f c:/arm-gnu-toolchain/bin/../lib/gcc/arm-none-eabi/12.3.1/thumb/v7e-m+fp/hard\libg.a(libc_a-assert.o)
                                 0x43 (size before relaxing)
 .rodata._vfiprintf_r.str1.4
                0x0800b0f3       0x2f c:/arm-gnu-toolchain/bin/../lib/gcc/arm-none-eabi/12.3.1/thumb/v7e-m+fp/hard\libg.a(libc_a-vfiprintf.o)
 *fill*         0x0800b0f3        0x1 
 .rodata.zeroes.0
                0x0800b0f4       0x10 c:/arm-gnu-toolchain/bin/../lib/gcc/arm-none-eabi/12.3.1/thumb/v7e-m+fp/hard\libg.a(libc_a-vfiprintf.o)
 .rodata.blanks.1
                0x0800b104       0x10 c:/arm-gnu-toolchain/bin/../lib/gcc/arm-none-eabi/12.3.1/thumb/v7e-m+fp/hard\libg.a(libc_a-vfiprintf.o)
 .rodata.npio2_hw
                0x0800b114       0x80 c:/arm-gnu-toolchain/bin/../lib/gcc/arm-none-eabi/12.3.1/thumb/v7e-m+fp/hard\libm.a(libm_a-e_rem_pio2.o)
 .rodata.two_over_pi
                0x0800b194      0x108 c:/arm-gnu-toolchain/bin/../lib/gcc/arm-none-eabi/12.3.1/thumb/v7e-m+fp/hard\libm.a(libm_a-e_rem_pio2.o)
 *fill*         0x0800b29c        0x4 
 .rodata.PIo2   0x0800b2a0       0x40 c:/arm-gnu-toolchain/bin/../lib/gcc/arm-none-eabi/12.3.1/thumb/v7e-m+fp/hard\libm.a(libm_a-k_rem_pio2.o)
 .rodata.init_jk
                0x0800b2e0       0x10 c:/arm-gnu-toolchain/bin/../lib/gcc/arm-none-eabi/12.3.1/thumb/v7e-m+fp/hard\libm.a(libm_a-k_rem_pio2.o)
                0x0800b2f0                        . = ALIGN (0x4)

.ARM.extab      0x0800b2f0        0x0
                0x0800b2f0                        . = ALIGN (0x4)
 *(.ARM.extab* .gnu.linkonce.armextab.*)
                0x0800b2f0                        . = ALIGN (0x4)

.ARM            0x0800b2f0        0x8
                0x0800b2f0                        . = ALIGN (0x4)
                0x0800b2f0                        __exidx_start = .
 *(.ARM.exidx*)
 .ARM.exidx     0x0800b2f0        0x8 c:/arm-gnu-toolchain/bin/../lib/gcc/arm-none-eabi/12.3.1/thumb/v7e-m+fp/hard\libg.a(libc_a-strlen.o)
 .ARM.exidx     0x0800b2f8        0x0 c:/arm-gnu-toolchain/bin/../lib/gcc/arm-none-eabi/12.3.1/thumb/v7e-m+fp/hard\libg.a(libc_a-memchr.o)
                                  0x8 (size before relaxing)
 .ARM.exidx     0x0800b2f8        0x0 c:/arm-gnu-toolchain/bin/../lib/gcc/arm-none-eabi/12.3.1/thumb/v7e-m+fp/hard\libg.a(libc_a-memcpy.o)
                                  0x8 (size before relaxing)
 .ARM.exidx.text.__udivmoddi4
                0x0800b2f8        0x0 c:/arm-gnu-toolchain/bin/../lib/gcc/arm-none-eabi/12.3.1/thumb/v7e-m+fp/hard\libgcc.a(_udivmoddi4.o)
                                  0x8 (size before relaxing)
                0x0800b2f8                        __exidx_end = .
                0x0800b2f8                        . = ALIGN (0x4)

.rel.dyn        0x0800b2f8        0x0
 .rel.iplt      0x0800b2f8        0x0 c:/arm-gnu-toolchain/bin/../lib/gcc/arm-none-eabi/12.3.1/thumb/v7e-m+fp/hard/crtbegin.o

.preinit_array  0x0800b2f8        0x0
                0x0800b2f8                        . = ALIGN (0x4)
                0x0800b2f8                        PROVIDE (__preinit_array_start = .)
 *(.preinit_array*)
                0x0800b2f8                        PROVIDE (__preinit_array_end = .)
                0x0800b2f8                        . = ALIGN (0x4)

.init_array     0x0800b2f8        0x8
                0x0800b2f8                        . = ALIGN (0x4)
                0x0800b2f8                        PROVIDE (__init_array_start = .)
 *(SORT_BY_NAME(.init_array.*))
 .init_array.00000
                0x0800b2f8        0x4 c:/arm-gnu-toolchain/bin/../lib/gcc/arm-none-eabi/12.3.1/thumb/v7e-m+fp/hard\libg.a(libc_a-__call_atexit.o)
 *(.init_array*)
 .init_array    0x0800b2fc        0x4 c:/arm-gnu-toolchain/bin/../lib/gcc/arm-none-eabi/12.3.1/thumb/v7e-m+fp/hard/crtbegin.o
                0x0800b300                        PROVIDE (__init_array_end = .)
                0x0800b300                        . = ALIGN (0x4)

.fini_array     0x0800b300        0x4
                0x0800b300                        . = ALIGN (0x4)
                0x0800b300                        PROVIDE (__fini_array_start = .)
 *(SORT_BY_NAME(.fini_array.*))
 *(.fini_array*)
 .fini_array    0x0800b300        0x4 c:/arm-gnu-toolchain/bin/../lib/gcc/arm-none-eabi/12.3.1/thumb/v7e-m+fp/hard/crtbegin.o
                0x0800b304                        PROVIDE (__fini_array_end = .)
                0x0800b304                        . = ALIGN (0x4)
                0x0800b304                        _sidata = LOADADDR (.data)

.data           0x20000000      0x6dc load address 0x0800b304
                0x20000000                        . = ALIGN (0x4)
                0x20000000                        _sdata = .
 *(.data)
 *(.data*)
 .data.SystemCoreClock
                0x20000000        0x4 CMakeFiles/f407zgt6.elf.dir/Core/Src/system_stm32f4xx.c.obj
                0x20000000                SystemCoreClock
 .data.uwTickFreq
                0x20000004        0x1 CMakeFiles/f407zgt6.elf.dir/Drivers/STM32F4xx_HAL_Driver/Src/stm32f4xx_hal.c.obj
                0x20000004                uwTickFreq
 *fill*         0x20000005        0x3 
 .data.uwTickPrio
                0x20000008        0x4 CMakeFiles/f407zgt6.elf.dir/Drivers/STM32F4xx_HAL_Driver/Src/stm32f4xx_hal.c.obj
                0x20000008                uwTickPrio
 .data.signT2_table
                0x2000000c        0xc CMakeFiles/f407zgt6.elf.dir/User/SVPWM/svpwm.c.obj
                0x2000000c                signT2_table
 .data.signT1_table
                0x20000018        0xc CMakeFiles/f407zgt6.elf.dir/User/SVPWM/svpwm.c.obj
                0x20000018                signT1_table
 .data.__sglue  0x20000024        0xc c:/arm-gnu-toolchain/bin/../lib/gcc/arm-none-eabi/12.3.1/thumb/v7e-m+fp/hard\libg.a(libc_a-findfp.o)
                0x20000024                __sglue
 .data._impure_ptr
                0x20000030        0x4 c:/arm-gnu-toolchain/bin/../lib/gcc/arm-none-eabi/12.3.1/thumb/v7e-m+fp/hard\libg.a(libc_a-impure.o)
                0x20000030                _impure_ptr
 *fill*         0x20000034        0x4 
 .data._impure_data
                0x20000038      0x120 c:/arm-gnu-toolchain/bin/../lib/gcc/arm-none-eabi/12.3.1/thumb/v7e-m+fp/hard\libg.a(libc_a-impure.o)
                0x20000038                _impure_data
 .data.__atexit_recursive_mutex
                0x20000158        0x4 c:/arm-gnu-toolchain/bin/../lib/gcc/arm-none-eabi/12.3.1/thumb/v7e-m+fp/hard\libg.a(libc_a-__call_atexit.o)
                0x20000158                __atexit_recursive_mutex
 .data.__malloc_sbrk_base
                0x2000015c        0x4 c:/arm-gnu-toolchain/bin/../lib/gcc/arm-none-eabi/12.3.1/thumb/v7e-m+fp/hard\libg.a(libc_a-mallocr.o)
                0x2000015c                __malloc_sbrk_base
 .data.__malloc_trim_threshold
                0x20000160        0x4 c:/arm-gnu-toolchain/bin/../lib/gcc/arm-none-eabi/12.3.1/thumb/v7e-m+fp/hard\libg.a(libc_a-mallocr.o)
                0x20000160                __malloc_trim_threshold
 *fill*         0x20000164        0x4 
 .data.__malloc_av_
                0x20000168      0x408 c:/arm-gnu-toolchain/bin/../lib/gcc/arm-none-eabi/12.3.1/thumb/v7e-m+fp/hard\libg.a(libc_a-mallocr.o)
                0x20000168                __malloc_av_
 .data.__global_locale
                0x20000570      0x16c c:/arm-gnu-toolchain/bin/../lib/gcc/arm-none-eabi/12.3.1/thumb/v7e-m+fp/hard\libg.a(libc_a-locale.o)
                0x20000570                __global_locale
 *(.RamFunc)
 *(.RamFunc*)
                0x200006dc                        . = ALIGN (0x4)
                0x200006dc                        _edata = .
                0x0800b9e0                        _siccmram = LOADADDR (.ccmram)

.tm_clone_table
                0x200006dc        0x0 load address 0x0800b9e0
 .tm_clone_table
                0x200006dc        0x0 c:/arm-gnu-toolchain/bin/../lib/gcc/arm-none-eabi/12.3.1/thumb/v7e-m+fp/hard/crtbegin.o
 .tm_clone_table
                0x200006dc        0x0 c:/arm-gnu-toolchain/bin/../lib/gcc/arm-none-eabi/12.3.1/thumb/v7e-m+fp/hard/crtend.o

.igot.plt       0x200006dc        0x0 load address 0x0800b9e0
 .igot.plt      0x200006dc        0x0 c:/arm-gnu-toolchain/bin/../lib/gcc/arm-none-eabi/12.3.1/thumb/v7e-m+fp/hard/crtbegin.o

.ccmram         0x10000000        0x0 load address 0x0800b9e0
                0x10000000                        . = ALIGN (0x4)
                0x10000000                        _sccmram = .
 *(.ccmram)
 *(.ccmram*)
                0x10000000                        . = ALIGN (0x4)
                0x10000000                        _eccmram = .
                0x10000000                        . = ALIGN (0x4)

.bss            0x200006dc      0xc88
                0x200006dc                        _sbss = .
                0x200006dc                        __bss_start__ = _sbss
 *(.bss)
 *(.bss*)
 .bss.completed.1
                0x200006dc        0x1 c:/arm-gnu-toolchain/bin/../lib/gcc/arm-none-eabi/12.3.1/thumb/v7e-m+fp/hard/crtbegin.o
 *fill*         0x200006dd        0x3 
 .bss.object.0  0x200006e0       0x18 c:/arm-gnu-toolchain/bin/../lib/gcc/arm-none-eabi/12.3.1/thumb/v7e-m+fp/hard/crtbegin.o
 .bss.__sbrk_heap_end
                0x200006f8        0x4 CMakeFiles/f407zgt6.elf.dir/Core/Src/sysmem.c.obj
 .bss.htim2     0x200006fc       0x48 CMakeFiles/f407zgt6.elf.dir/Core/Src/tim.c.obj
                0x200006fc                htim2
 .bss.U1_RX_Struct
                0x20000744       0x60 CMakeFiles/f407zgt6.elf.dir/Core/Src/usart.c.obj
                0x20000744                U1_RX_Struct
 .bss.U1_RX_Buffer
                0x200007a4      0x800 CMakeFiles/f407zgt6.elf.dir/Core/Src/usart.c.obj
                0x200007a4                U1_RX_Buffer
 .bss.U1_TX_Buffer
                0x20000fa4       0x64 CMakeFiles/f407zgt6.elf.dir/Core/Src/usart.c.obj
                0x20000fa4                U1_TX_Buffer
 .bss.huart1    0x20001008       0x44 CMakeFiles/f407zgt6.elf.dir/Core/Src/usart.c.obj
                0x20001008                huart1
 .bss.uwTick    0x2000104c        0x4 CMakeFiles/f407zgt6.elf.dir/Drivers/STM32F4xx_HAL_Driver/Src/stm32f4xx_hal.c.obj
                0x2000104c                uwTick
 .bss.__sf      0x20001050      0x138 c:/arm-gnu-toolchain/bin/../lib/gcc/arm-none-eabi/12.3.1/thumb/v7e-m+fp/hard\libg.a(libc_a-findfp.o)
                0x20001050                __sf
 .bss.__stdio_exit_handler
                0x20001188        0x4 c:/arm-gnu-toolchain/bin/../lib/gcc/arm-none-eabi/12.3.1/thumb/v7e-m+fp/hard\libg.a(libc_a-findfp.o)
                0x20001188                __stdio_exit_handler
 .bss.errno     0x2000118c        0x4 c:/arm-gnu-toolchain/bin/../lib/gcc/arm-none-eabi/12.3.1/thumb/v7e-m+fp/hard\libg.a(libc_a-reent.o)
                0x2000118c                errno
 .bss.__lock___malloc_recursive_mutex
                0x20001190        0x1 c:/arm-gnu-toolchain/bin/../lib/gcc/arm-none-eabi/12.3.1/thumb/v7e-m+fp/hard\libg.a(libc_a-lock.o)
                0x20001190                __lock___malloc_recursive_mutex
 *fill*         0x20001191        0x3 
 .bss.__lock___atexit_recursive_mutex
                0x20001194        0x1 c:/arm-gnu-toolchain/bin/../lib/gcc/arm-none-eabi/12.3.1/thumb/v7e-m+fp/hard\libg.a(libc_a-lock.o)
                0x20001194                __lock___atexit_recursive_mutex
 *fill*         0x20001195        0x3 
 .bss.__lock___sfp_recursive_mutex
                0x20001198        0x1 c:/arm-gnu-toolchain/bin/../lib/gcc/arm-none-eabi/12.3.1/thumb/v7e-m+fp/hard\libg.a(libc_a-lock.o)
                0x20001198                __lock___sfp_recursive_mutex
 *fill*         0x20001199        0x3 
 .bss.__atexit  0x2000119c        0x4 c:/arm-gnu-toolchain/bin/../lib/gcc/arm-none-eabi/12.3.1/thumb/v7e-m+fp/hard\libg.a(libc_a-__call_atexit.o)
                0x2000119c                __atexit
 .bss.__malloc_current_mallinfo
                0x200011a0       0x28 c:/arm-gnu-toolchain/bin/../lib/gcc/arm-none-eabi/12.3.1/thumb/v7e-m+fp/hard\libg.a(libc_a-mallocr.o)
                0x200011a0                __malloc_current_mallinfo
 .bss.__malloc_max_total_mem
                0x200011c8        0x4 c:/arm-gnu-toolchain/bin/../lib/gcc/arm-none-eabi/12.3.1/thumb/v7e-m+fp/hard\libg.a(libc_a-mallocr.o)
                0x200011c8                __malloc_max_total_mem
 .bss.__malloc_max_sbrked_mem
                0x200011cc        0x4 c:/arm-gnu-toolchain/bin/../lib/gcc/arm-none-eabi/12.3.1/thumb/v7e-m+fp/hard\libg.a(libc_a-mallocr.o)
                0x200011cc                __malloc_max_sbrked_mem
 .bss.__malloc_top_pad
                0x200011d0        0x4 c:/arm-gnu-toolchain/bin/../lib/gcc/arm-none-eabi/12.3.1/thumb/v7e-m+fp/hard\libg.a(libc_a-mallocr.o)
                0x200011d0                __malloc_top_pad
 .bss.__atexit0
                0x200011d4      0x190 c:/arm-gnu-toolchain/bin/../lib/gcc/arm-none-eabi/12.3.1/thumb/v7e-m+fp/hard\libg.a(libc_a-__atexit.o)
                0x200011d4                __atexit0
 *(COMMON)
                0x20001364                        . = ALIGN (0x4)
                0x20001364                        _ebss = .
                0x20001364                        __bss_end__ = _ebss

._user_heap_stack
                0x20001364      0x604
                0x20001368                        . = ALIGN (0x8)
 *fill*         0x20001364        0x4 
                [!provide]                        PROVIDE (end = .)
                0x20001368                        PROVIDE (_end = .)
                0x20001568                        . = (. + _Min_Heap_Size)
 *fill*         0x20001368      0x200 
                0x20001968                        . = (. + _Min_Stack_Size)
 *fill*         0x20001568      0x400 
                0x20001968                        . = ALIGN (0x8)

/DISCARD/
 libc.a(*)
 libm.a(*)
 libgcc.a(*)

.ARM.attributes
                0x00000000       0x30
 *(.ARM.attributes)
 .ARM.attributes
                0x00000000       0x22 c:/arm-gnu-toolchain/bin/../lib/gcc/arm-none-eabi/12.3.1/thumb/v7e-m+fp/hard/crti.o
 .ARM.attributes
                0x00000022       0x34 c:/arm-gnu-toolchain/bin/../lib/gcc/arm-none-eabi/12.3.1/thumb/v7e-m+fp/hard/crtbegin.o
 .ARM.attributes
                0x00000056       0x34 CMakeFiles/f407zgt6.elf.dir/Core/Src/gpio.c.obj
 .ARM.attributes
                0x0000008a       0x34 CMakeFiles/f407zgt6.elf.dir/Core/Src/main.c.obj
 .ARM.attributes
                0x000000be       0x34 CMakeFiles/f407zgt6.elf.dir/Core/Src/stm32f4xx_hal_msp.c.obj
 .ARM.attributes
                0x000000f2       0x34 CMakeFiles/f407zgt6.elf.dir/Core/Src/stm32f4xx_it.c.obj
 .ARM.attributes
                0x00000126       0x34 CMakeFiles/f407zgt6.elf.dir/Core/Src/syscalls.c.obj
 .ARM.attributes
                0x0000015a       0x34 CMakeFiles/f407zgt6.elf.dir/Core/Src/sysmem.c.obj
 .ARM.attributes
                0x0000018e       0x34 CMakeFiles/f407zgt6.elf.dir/Core/Src/system_stm32f4xx.c.obj
 .ARM.attributes
                0x000001c2       0x34 CMakeFiles/f407zgt6.elf.dir/Core/Src/tim.c.obj
 .ARM.attributes
                0x000001f6       0x34 CMakeFiles/f407zgt6.elf.dir/Core/Src/usart.c.obj
 .ARM.attributes
                0x0000022a       0x21 CMakeFiles/f407zgt6.elf.dir/Core/Startup/startup_stm32f407zgtx.s.obj
 .ARM.attributes
                0x0000024b       0x34 CMakeFiles/f407zgt6.elf.dir/Drivers/STM32F4xx_HAL_Driver/Src/stm32f4xx_hal.c.obj
 .ARM.attributes
                0x0000027f       0x34 CMakeFiles/f407zgt6.elf.dir/Drivers/STM32F4xx_HAL_Driver/Src/stm32f4xx_hal_cortex.c.obj
 .ARM.attributes
                0x000002b3       0x34 CMakeFiles/f407zgt6.elf.dir/Drivers/STM32F4xx_HAL_Driver/Src/stm32f4xx_hal_dma.c.obj
 .ARM.attributes
                0x000002e7       0x34 CMakeFiles/f407zgt6.elf.dir/Drivers/STM32F4xx_HAL_Driver/Src/stm32f4xx_hal_gpio.c.obj
 .ARM.attributes
                0x0000031b       0x34 CMakeFiles/f407zgt6.elf.dir/Drivers/STM32F4xx_HAL_Driver/Src/stm32f4xx_hal_rcc.c.obj
 .ARM.attributes
                0x0000034f       0x34 CMakeFiles/f407zgt6.elf.dir/Drivers/STM32F4xx_HAL_Driver/Src/stm32f4xx_hal_tim.c.obj
 .ARM.attributes
                0x00000383       0x34 CMakeFiles/f407zgt6.elf.dir/Drivers/STM32F4xx_HAL_Driver/Src/stm32f4xx_hal_tim_ex.c.obj
 .ARM.attributes
                0x000003b7       0x34 CMakeFiles/f407zgt6.elf.dir/Drivers/STM32F4xx_HAL_Driver/Src/stm32f4xx_hal_uart.c.obj
 .ARM.attributes
                0x000003eb       0x34 CMakeFiles/f407zgt6.elf.dir/User/SVPWM/svpwm.c.obj
 .ARM.attributes
                0x0000041f       0x22 c:/arm-gnu-toolchain/bin/../lib/gcc/arm-none-eabi/12.3.1/thumb/v7e-m+fp/hard\libgcc.a(_arm_addsubdf3.o)
 .ARM.attributes
                0x00000441       0x22 c:/arm-gnu-toolchain/bin/../lib/gcc/arm-none-eabi/12.3.1/thumb/v7e-m+fp/hard\libgcc.a(_arm_cmpdf2.o)
 .ARM.attributes
                0x00000463       0x22 c:/arm-gnu-toolchain/bin/../lib/gcc/arm-none-eabi/12.3.1/thumb/v7e-m+fp/hard\libgcc.a(_arm_truncdfsf2.o)
 .ARM.attributes
                0x00000485       0x22 c:/arm-gnu-toolchain/bin/../lib/gcc/arm-none-eabi/12.3.1/thumb/v7e-m+fp/hard\libgcc.a(_aeabi_uldivmod.o)
 .ARM.attributes
                0x000004a7       0x34 c:/arm-gnu-toolchain/bin/../lib/gcc/arm-none-eabi/12.3.1/thumb/v7e-m+fp/hard\libgcc.a(_udivmoddi4.o)
 .ARM.attributes
                0x000004db       0x22 c:/arm-gnu-toolchain/bin/../lib/gcc/arm-none-eabi/12.3.1/thumb/v7e-m+fp/hard\libgcc.a(_dvmd_tls.o)
 .ARM.attributes
                0x000004fd       0x34 c:/arm-gnu-toolchain/bin/../lib/gcc/arm-none-eabi/12.3.1/thumb/v7e-m+fp/hard\libg.a(libc_a-findfp.o)
 .ARM.attributes
                0x00000531       0x34 c:/arm-gnu-toolchain/bin/../lib/gcc/arm-none-eabi/12.3.1/thumb/v7e-m+fp/hard\libg.a(libc_a-fwalk.o)
 .ARM.attributes
                0x00000565       0x34 c:/arm-gnu-toolchain/bin/../lib/gcc/arm-none-eabi/12.3.1/thumb/v7e-m+fp/hard\libg.a(libc_a-stdio.o)
 .ARM.attributes
                0x00000599       0x34 c:/arm-gnu-toolchain/bin/../lib/gcc/arm-none-eabi/12.3.1/thumb/v7e-m+fp/hard\libg.a(libc_a-vsprintf.o)
 .ARM.attributes
                0x000005cd       0x34 c:/arm-gnu-toolchain/bin/../lib/gcc/arm-none-eabi/12.3.1/thumb/v7e-m+fp/hard\libg.a(libc_a-memset.o)
 .ARM.attributes
                0x00000601       0x34 c:/arm-gnu-toolchain/bin/../lib/gcc/arm-none-eabi/12.3.1/thumb/v7e-m+fp/hard\libg.a(libc_a-closer.o)
 .ARM.attributes
                0x00000635       0x34 c:/arm-gnu-toolchain/bin/../lib/gcc/arm-none-eabi/12.3.1/thumb/v7e-m+fp/hard\libg.a(libc_a-reent.o)
 .ARM.attributes
                0x00000669       0x34 c:/arm-gnu-toolchain/bin/../lib/gcc/arm-none-eabi/12.3.1/thumb/v7e-m+fp/hard\libg.a(libc_a-impure.o)
 .ARM.attributes
                0x0000069d       0x34 c:/arm-gnu-toolchain/bin/../lib/gcc/arm-none-eabi/12.3.1/thumb/v7e-m+fp/hard\libg.a(libc_a-lseekr.o)
 .ARM.attributes
                0x000006d1       0x34 c:/arm-gnu-toolchain/bin/../lib/gcc/arm-none-eabi/12.3.1/thumb/v7e-m+fp/hard\libg.a(libc_a-readr.o)
 .ARM.attributes
                0x00000705       0x34 c:/arm-gnu-toolchain/bin/../lib/gcc/arm-none-eabi/12.3.1/thumb/v7e-m+fp/hard\libg.a(libc_a-writer.o)
 .ARM.attributes
                0x00000739       0x34 c:/arm-gnu-toolchain/bin/../lib/gcc/arm-none-eabi/12.3.1/thumb/v7e-m+fp/hard\libg.a(libc_a-errno.o)
 .ARM.attributes
                0x0000076d       0x34 c:/arm-gnu-toolchain/bin/../lib/gcc/arm-none-eabi/12.3.1/thumb/v7e-m+fp/hard\libg.a(libc_a-init.o)
 .ARM.attributes
                0x000007a1       0x34 c:/arm-gnu-toolchain/bin/../lib/gcc/arm-none-eabi/12.3.1/thumb/v7e-m+fp/hard\libg.a(libc_a-lock.o)
 .ARM.attributes
                0x000007d5       0x1c c:/arm-gnu-toolchain/bin/../lib/gcc/arm-none-eabi/12.3.1/thumb/v7e-m+fp/hard\libg.a(libc_a-strlen.o)
 .ARM.attributes
                0x000007f1       0x34 c:/arm-gnu-toolchain/bin/../lib/gcc/arm-none-eabi/12.3.1/thumb/v7e-m+fp/hard\libg.a(libc_a-__call_atexit.o)
 .ARM.attributes
                0x00000825       0x34 c:/arm-gnu-toolchain/bin/../lib/gcc/arm-none-eabi/12.3.1/thumb/v7e-m+fp/hard\libg.a(libc_a-atexit.o)
 .ARM.attributes
                0x00000859       0x34 c:/arm-gnu-toolchain/bin/../lib/gcc/arm-none-eabi/12.3.1/thumb/v7e-m+fp/hard\libg.a(libc_a-freer.o)
 .ARM.attributes
                0x0000088d       0x34 c:/arm-gnu-toolchain/bin/../lib/gcc/arm-none-eabi/12.3.1/thumb/v7e-m+fp/hard\libg.a(libc_a-mallocr.o)
 .ARM.attributes
                0x000008c1       0x34 c:/arm-gnu-toolchain/bin/../lib/gcc/arm-none-eabi/12.3.1/thumb/v7e-m+fp/hard\libg.a(libc_a-mlock.o)
 .ARM.attributes
                0x000008f5       0x34 c:/arm-gnu-toolchain/bin/../lib/gcc/arm-none-eabi/12.3.1/thumb/v7e-m+fp/hard\libg.a(libc_a-svfprintf.o)
 .ARM.attributes
                0x00000929       0x34 c:/arm-gnu-toolchain/bin/../lib/gcc/arm-none-eabi/12.3.1/thumb/v7e-m+fp/hard\libg.a(libc_a-fclose.o)
 .ARM.attributes
                0x0000095d       0x34 c:/arm-gnu-toolchain/bin/../lib/gcc/arm-none-eabi/12.3.1/thumb/v7e-m+fp/hard\libg.a(libc_a-fflush.o)
 .ARM.attributes
                0x00000991       0x34 c:/arm-gnu-toolchain/bin/../lib/gcc/arm-none-eabi/12.3.1/thumb/v7e-m+fp/hard\libg.a(libc_a-strncpy.o)
 .ARM.attributes
                0x000009c5       0x34 c:/arm-gnu-toolchain/bin/../lib/gcc/arm-none-eabi/12.3.1/thumb/v7e-m+fp/hard\libg.a(libc_a-locale.o)
 .ARM.attributes
                0x000009f9       0x34 c:/arm-gnu-toolchain/bin/../lib/gcc/arm-none-eabi/12.3.1/thumb/v7e-m+fp/hard\libg.a(libc_a-localeconv.o)
 .ARM.attributes
                0x00000a2d       0x34 c:/arm-gnu-toolchain/bin/../lib/gcc/arm-none-eabi/12.3.1/thumb/v7e-m+fp/hard\libg.a(libc_a-sbrkr.o)
 .ARM.attributes
                0x00000a61       0x34 c:/arm-gnu-toolchain/bin/../lib/gcc/arm-none-eabi/12.3.1/thumb/v7e-m+fp/hard\libg.a(libc_a-fini.o)
 .ARM.attributes
                0x00000a95       0x34 c:/arm-gnu-toolchain/bin/../lib/gcc/arm-none-eabi/12.3.1/thumb/v7e-m+fp/hard\libg.a(libc_a-sysconf.o)
 .ARM.attributes
                0x00000ac9       0x1c c:/arm-gnu-toolchain/bin/../lib/gcc/arm-none-eabi/12.3.1/thumb/v7e-m+fp/hard\libg.a(libc_a-memchr.o)
 .ARM.attributes
                0x00000ae5       0x34 c:/arm-gnu-toolchain/bin/../lib/gcc/arm-none-eabi/12.3.1/thumb/v7e-m+fp/hard\libg.a(libm_a-s_frexp.o)
 .ARM.attributes
                0x00000b19       0x34 c:/arm-gnu-toolchain/bin/../lib/gcc/arm-none-eabi/12.3.1/thumb/v7e-m+fp/hard\libg.a(libc_a-__atexit.o)
 .ARM.attributes
                0x00000b4d       0x34 c:/arm-gnu-toolchain/bin/../lib/gcc/arm-none-eabi/12.3.1/thumb/v7e-m+fp/hard\libg.a(libc_a-dtoa.o)
 .ARM.attributes
                0x00000b81       0x34 c:/arm-gnu-toolchain/bin/../lib/gcc/arm-none-eabi/12.3.1/thumb/v7e-m+fp/hard\libg.a(libc_a-mbtowc_r.o)
 .ARM.attributes
                0x00000bb5       0x34 c:/arm-gnu-toolchain/bin/../lib/gcc/arm-none-eabi/12.3.1/thumb/v7e-m+fp/hard\libg.a(libc_a-mprec.o)
 .ARM.attributes
                0x00000be9       0x34 c:/arm-gnu-toolchain/bin/../lib/gcc/arm-none-eabi/12.3.1/thumb/v7e-m+fp/hard\libg.a(libc_a-wctomb_r.o)
 .ARM.attributes
                0x00000c1d       0x34 c:/arm-gnu-toolchain/bin/../lib/gcc/arm-none-eabi/12.3.1/thumb/v7e-m+fp/hard\libg.a(libc_a-wcrtomb.o)
 .ARM.attributes
                0x00000c51       0x34 c:/arm-gnu-toolchain/bin/../lib/gcc/arm-none-eabi/12.3.1/thumb/v7e-m+fp/hard\libg.a(libc_a-wcsrtombs.o)
 .ARM.attributes
                0x00000c85       0x34 c:/arm-gnu-toolchain/bin/../lib/gcc/arm-none-eabi/12.3.1/thumb/v7e-m+fp/hard\libg.a(libc_a-ctype_.o)
 .ARM.attributes
                0x00000cb9       0x34 c:/arm-gnu-toolchain/bin/../lib/gcc/arm-none-eabi/12.3.1/thumb/v7e-m+fp/hard\libg.a(libc_a-svfiprintf.o)
 .ARM.attributes
                0x00000ced       0x34 c:/arm-gnu-toolchain/bin/../lib/gcc/arm-none-eabi/12.3.1/thumb/v7e-m+fp/hard\libg.a(libc_a-memmove.o)
 .ARM.attributes
                0x00000d21       0x20 c:/arm-gnu-toolchain/bin/../lib/gcc/arm-none-eabi/12.3.1/thumb/v7e-m+fp/hard\libg.a(libc_a-memcpy.o)
 .ARM.attributes
                0x00000d41       0x34 c:/arm-gnu-toolchain/bin/../lib/gcc/arm-none-eabi/12.3.1/thumb/v7e-m+fp/hard\libg.a(libc_a-assert.o)
 .ARM.attributes
                0x00000d75       0x34 c:/arm-gnu-toolchain/bin/../lib/gcc/arm-none-eabi/12.3.1/thumb/v7e-m+fp/hard\libg.a(libc_a-callocr.o)
 .ARM.attributes
                0x00000da9       0x34 c:/arm-gnu-toolchain/bin/../lib/gcc/arm-none-eabi/12.3.1/thumb/v7e-m+fp/hard\libg.a(libc_a-reallocr.o)
 .ARM.attributes
                0x00000ddd       0x34 c:/arm-gnu-toolchain/bin/../lib/gcc/arm-none-eabi/12.3.1/thumb/v7e-m+fp/hard\libg.a(libc_a-wcsnrtombs.o)
 .ARM.attributes
                0x00000e11       0x34 c:/arm-gnu-toolchain/bin/../lib/gcc/arm-none-eabi/12.3.1/thumb/v7e-m+fp/hard\libg.a(libc_a-fiprintf.o)
 .ARM.attributes
                0x00000e45       0x34 c:/arm-gnu-toolchain/bin/../lib/gcc/arm-none-eabi/12.3.1/thumb/v7e-m+fp/hard\libg.a(libc_a-vfiprintf.o)
 .ARM.attributes
                0x00000e79       0x34 c:/arm-gnu-toolchain/bin/../lib/gcc/arm-none-eabi/12.3.1/thumb/v7e-m+fp/hard\libg.a(libc_a-fvwrite.o)
 .ARM.attributes
                0x00000ead       0x34 c:/arm-gnu-toolchain/bin/../lib/gcc/arm-none-eabi/12.3.1/thumb/v7e-m+fp/hard\libg.a(libc_a-wsetup.o)
 .ARM.attributes
                0x00000ee1       0x34 c:/arm-gnu-toolchain/bin/../lib/gcc/arm-none-eabi/12.3.1/thumb/v7e-m+fp/hard\libg.a(libc_a-fputwc.o)
 .ARM.attributes
                0x00000f15       0x34 c:/arm-gnu-toolchain/bin/../lib/gcc/arm-none-eabi/12.3.1/thumb/v7e-m+fp/hard\libg.a(libc_a-abort.o)
 .ARM.attributes
                0x00000f49       0x34 c:/arm-gnu-toolchain/bin/../lib/gcc/arm-none-eabi/12.3.1/thumb/v7e-m+fp/hard\libg.a(libc_a-makebuf.o)
 .ARM.attributes
                0x00000f7d       0x34 c:/arm-gnu-toolchain/bin/../lib/gcc/arm-none-eabi/12.3.1/thumb/v7e-m+fp/hard\libg.a(libc_a-wbuf.o)
 .ARM.attributes
                0x00000fb1       0x34 c:/arm-gnu-toolchain/bin/../lib/gcc/arm-none-eabi/12.3.1/thumb/v7e-m+fp/hard\libg.a(libc_a-signal.o)
 .ARM.attributes
                0x00000fe5       0x34 c:/arm-gnu-toolchain/bin/../lib/gcc/arm-none-eabi/12.3.1/thumb/v7e-m+fp/hard\libg.a(libc_a-fstatr.o)
 .ARM.attributes
                0x00001019       0x34 c:/arm-gnu-toolchain/bin/../lib/gcc/arm-none-eabi/12.3.1/thumb/v7e-m+fp/hard\libg.a(libc_a-isattyr.o)
 .ARM.attributes
                0x0000104d       0x34 c:/arm-gnu-toolchain/bin/../lib/gcc/arm-none-eabi/12.3.1/thumb/v7e-m+fp/hard\libg.a(libc_a-signalr.o)
 .ARM.attributes
                0x00001081       0x22 c:/arm-gnu-toolchain/bin/../lib/gcc/arm-none-eabi/12.3.1/thumb/v7e-m+fp/hard\libgcc.a(_arm_muldivdf3.o)
 .ARM.attributes
                0x000010a3       0x22 c:/arm-gnu-toolchain/bin/../lib/gcc/arm-none-eabi/12.3.1/thumb/v7e-m+fp/hard\libgcc.a(_arm_unorddf2.o)
 .ARM.attributes
                0x000010c5       0x22 c:/arm-gnu-toolchain/bin/../lib/gcc/arm-none-eabi/12.3.1/thumb/v7e-m+fp/hard\libgcc.a(_arm_fixdfsi.o)
 .ARM.attributes
                0x000010e7       0x34 c:/arm-gnu-toolchain/bin/../lib/gcc/arm-none-eabi/12.3.1/thumb/v7e-m+fp/hard/crtend.o
 .ARM.attributes
                0x0000111b       0x22 c:/arm-gnu-toolchain/bin/../lib/gcc/arm-none-eabi/12.3.1/thumb/v7e-m+fp/hard/crtn.o
 .ARM.attributes
                0x0000113d       0x34 c:/arm-gnu-toolchain/bin/../lib/gcc/arm-none-eabi/12.3.1/thumb/v7e-m+fp/hard\libm.a(libm_a-s_cos.o)
 .ARM.attributes
                0x00001171       0x34 c:/arm-gnu-toolchain/bin/../lib/gcc/arm-none-eabi/12.3.1/thumb/v7e-m+fp/hard\libm.a(libm_a-s_sin.o)
 .ARM.attributes
                0x000011a5       0x34 c:/arm-gnu-toolchain/bin/../lib/gcc/arm-none-eabi/12.3.1/thumb/v7e-m+fp/hard\libm.a(libm_a-k_cos.o)
 .ARM.attributes
                0x000011d9       0x34 c:/arm-gnu-toolchain/bin/../lib/gcc/arm-none-eabi/12.3.1/thumb/v7e-m+fp/hard\libm.a(libm_a-k_sin.o)
 .ARM.attributes
                0x0000120d       0x34 c:/arm-gnu-toolchain/bin/../lib/gcc/arm-none-eabi/12.3.1/thumb/v7e-m+fp/hard\libm.a(libm_a-e_rem_pio2.o)
 .ARM.attributes
                0x00001241       0x34 c:/arm-gnu-toolchain/bin/../lib/gcc/arm-none-eabi/12.3.1/thumb/v7e-m+fp/hard\libm.a(libm_a-s_fabs.o)
 .ARM.attributes
                0x00001275       0x34 c:/arm-gnu-toolchain/bin/../lib/gcc/arm-none-eabi/12.3.1/thumb/v7e-m+fp/hard\libm.a(libm_a-k_rem_pio2.o)
 .ARM.attributes
                0x000012a9       0x34 c:/arm-gnu-toolchain/bin/../lib/gcc/arm-none-eabi/12.3.1/thumb/v7e-m+fp/hard\libm.a(libm_a-s_scalbn.o)
 .ARM.attributes
                0x000012dd       0x34 c:/arm-gnu-toolchain/bin/../lib/gcc/arm-none-eabi/12.3.1/thumb/v7e-m+fp/hard\libm.a(libm_a-s_floor.o)
OUTPUT(f407zgt6.elf elf32-littlearm)
LOAD linker stubs
LOAD c:/arm-gnu-toolchain/bin/../lib/gcc/arm-none-eabi/12.3.1/thumb/v7e-m+fp/hard\libc.a
LOAD c:/arm-gnu-toolchain/bin/../lib/gcc/arm-none-eabi/12.3.1/thumb/v7e-m+fp/hard\libm.a
LOAD c:/arm-gnu-toolchain/bin/../lib/gcc/arm-none-eabi/12.3.1/thumb/v7e-m+fp/hard\libgcc.a

.debug_info     0x00000000    0x1175e
 .debug_info    0x00000000      0x45c CMakeFiles/f407zgt6.elf.dir/Core/Src/gpio.c.obj
 .debug_info    0x0000045c      0xe31 CMakeFiles/f407zgt6.elf.dir/Core/Src/main.c.obj
 .debug_info    0x0000128d      0x265 CMakeFiles/f407zgt6.elf.dir/Core/Src/stm32f4xx_hal_msp.c.obj
 .debug_info    0x000014f2      0x7c9 CMakeFiles/f407zgt6.elf.dir/Core/Src/stm32f4xx_it.c.obj
 .debug_info    0x00001cbb      0x783 CMakeFiles/f407zgt6.elf.dir/Core/Src/syscalls.c.obj
 .debug_info    0x0000243e      0x171 CMakeFiles/f407zgt6.elf.dir/Core/Src/sysmem.c.obj
 .debug_info    0x000025af      0x527 CMakeFiles/f407zgt6.elf.dir/Core/Src/system_stm32f4xx.c.obj
 .debug_info    0x00002ad6      0xd17 CMakeFiles/f407zgt6.elf.dir/Core/Src/tim.c.obj
 .debug_info    0x000037ed      0xe9f CMakeFiles/f407zgt6.elf.dir/Core/Src/usart.c.obj
 .debug_info    0x0000468c       0x30 CMakeFiles/f407zgt6.elf.dir/Core/Startup/startup_stm32f407zgtx.s.obj
 .debug_info    0x000046bc      0x9e6 CMakeFiles/f407zgt6.elf.dir/Drivers/STM32F4xx_HAL_Driver/Src/stm32f4xx_hal.c.obj
 .debug_info    0x000050a2      0xf7d CMakeFiles/f407zgt6.elf.dir/Drivers/STM32F4xx_HAL_Driver/Src/stm32f4xx_hal_cortex.c.obj
 .debug_info    0x0000601f      0xad9 CMakeFiles/f407zgt6.elf.dir/Drivers/STM32F4xx_HAL_Driver/Src/stm32f4xx_hal_dma.c.obj
 .debug_info    0x00006af8      0x704 CMakeFiles/f407zgt6.elf.dir/Drivers/STM32F4xx_HAL_Driver/Src/stm32f4xx_hal_gpio.c.obj
 .debug_info    0x000071fc      0xa6f CMakeFiles/f407zgt6.elf.dir/Drivers/STM32F4xx_HAL_Driver/Src/stm32f4xx_hal_rcc.c.obj
 .debug_info    0x00007c6b     0x3b79 CMakeFiles/f407zgt6.elf.dir/Drivers/STM32F4xx_HAL_Driver/Src/stm32f4xx_hal_tim.c.obj
 .debug_info    0x0000b7e4     0x1a9b CMakeFiles/f407zgt6.elf.dir/Drivers/STM32F4xx_HAL_Driver/Src/stm32f4xx_hal_tim_ex.c.obj
 .debug_info    0x0000d27f     0x408c CMakeFiles/f407zgt6.elf.dir/Drivers/STM32F4xx_HAL_Driver/Src/stm32f4xx_hal_uart.c.obj
 .debug_info    0x0001130b      0x453 CMakeFiles/f407zgt6.elf.dir/User/SVPWM/svpwm.c.obj

.debug_abbrev   0x00000000     0x2694
 .debug_abbrev  0x00000000      0x164 CMakeFiles/f407zgt6.elf.dir/Core/Src/gpio.c.obj
 .debug_abbrev  0x00000164      0x293 CMakeFiles/f407zgt6.elf.dir/Core/Src/main.c.obj
 .debug_abbrev  0x000003f7       0xd6 CMakeFiles/f407zgt6.elf.dir/Core/Src/stm32f4xx_hal_msp.c.obj
 .debug_abbrev  0x000004cd      0x211 CMakeFiles/f407zgt6.elf.dir/Core/Src/stm32f4xx_it.c.obj
 .debug_abbrev  0x000006de      0x1c1 CMakeFiles/f407zgt6.elf.dir/Core/Src/syscalls.c.obj
 .debug_abbrev  0x0000089f       0xea CMakeFiles/f407zgt6.elf.dir/Core/Src/sysmem.c.obj
 .debug_abbrev  0x00000989      0x11e CMakeFiles/f407zgt6.elf.dir/Core/Src/system_stm32f4xx.c.obj
 .debug_abbrev  0x00000aa7      0x23a CMakeFiles/f407zgt6.elf.dir/Core/Src/tim.c.obj
 .debug_abbrev  0x00000ce1      0x2a2 CMakeFiles/f407zgt6.elf.dir/Core/Src/usart.c.obj
 .debug_abbrev  0x00000f83       0x24 CMakeFiles/f407zgt6.elf.dir/Core/Startup/startup_stm32f407zgtx.s.obj
 .debug_abbrev  0x00000fa7      0x23f CMakeFiles/f407zgt6.elf.dir/Drivers/STM32F4xx_HAL_Driver/Src/stm32f4xx_hal.c.obj
 .debug_abbrev  0x000011e6      0x39b CMakeFiles/f407zgt6.elf.dir/Drivers/STM32F4xx_HAL_Driver/Src/stm32f4xx_hal_cortex.c.obj
 .debug_abbrev  0x00001581      0x2c0 CMakeFiles/f407zgt6.elf.dir/Drivers/STM32F4xx_HAL_Driver/Src/stm32f4xx_hal_dma.c.obj
 .debug_abbrev  0x00001841      0x202 CMakeFiles/f407zgt6.elf.dir/Drivers/STM32F4xx_HAL_Driver/Src/stm32f4xx_hal_gpio.c.obj
 .debug_abbrev  0x00001a43      0x2c6 CMakeFiles/f407zgt6.elf.dir/Drivers/STM32F4xx_HAL_Driver/Src/stm32f4xx_hal_rcc.c.obj
 .debug_abbrev  0x00001d09      0x26a CMakeFiles/f407zgt6.elf.dir/Drivers/STM32F4xx_HAL_Driver/Src/stm32f4xx_hal_tim.c.obj
 .debug_abbrev  0x00001f73      0x268 CMakeFiles/f407zgt6.elf.dir/Drivers/STM32F4xx_HAL_Driver/Src/stm32f4xx_hal_tim_ex.c.obj
 .debug_abbrev  0x000021db      0x32f CMakeFiles/f407zgt6.elf.dir/Drivers/STM32F4xx_HAL_Driver/Src/stm32f4xx_hal_uart.c.obj
 .debug_abbrev  0x0000250a      0x18a CMakeFiles/f407zgt6.elf.dir/User/SVPWM/svpwm.c.obj

.debug_aranges  0x00000000      0xd18
 .debug_aranges
                0x00000000       0x20 CMakeFiles/f407zgt6.elf.dir/Core/Src/gpio.c.obj
 .debug_aranges
                0x00000020       0x30 CMakeFiles/f407zgt6.elf.dir/Core/Src/main.c.obj
 .debug_aranges
                0x00000050       0x20 CMakeFiles/f407zgt6.elf.dir/Core/Src/stm32f4xx_hal_msp.c.obj
 .debug_aranges
                0x00000070       0x70 CMakeFiles/f407zgt6.elf.dir/Core/Src/stm32f4xx_it.c.obj
 .debug_aranges
                0x000000e0       0xa8 CMakeFiles/f407zgt6.elf.dir/Core/Src/syscalls.c.obj
 .debug_aranges
                0x00000188       0x20 CMakeFiles/f407zgt6.elf.dir/Core/Src/sysmem.c.obj
 .debug_aranges
                0x000001a8       0x28 CMakeFiles/f407zgt6.elf.dir/Core/Src/system_stm32f4xx.c.obj
 .debug_aranges
                0x000001d0       0x38 CMakeFiles/f407zgt6.elf.dir/Core/Src/tim.c.obj
 .debug_aranges
                0x00000208       0x40 CMakeFiles/f407zgt6.elf.dir/Core/Src/usart.c.obj
 .debug_aranges
                0x00000248       0x28 CMakeFiles/f407zgt6.elf.dir/Core/Startup/startup_stm32f407zgtx.s.obj
 .debug_aranges
                0x00000270       0xf0 CMakeFiles/f407zgt6.elf.dir/Drivers/STM32F4xx_HAL_Driver/Src/stm32f4xx_hal.c.obj
 .debug_aranges
                0x00000360       0xd8 CMakeFiles/f407zgt6.elf.dir/Drivers/STM32F4xx_HAL_Driver/Src/stm32f4xx_hal_cortex.c.obj
 .debug_aranges
                0x00000438       0x90 CMakeFiles/f407zgt6.elf.dir/Drivers/STM32F4xx_HAL_Driver/Src/stm32f4xx_hal_dma.c.obj
 .debug_aranges
                0x000004c8       0x58 CMakeFiles/f407zgt6.elf.dir/Drivers/STM32F4xx_HAL_Driver/Src/stm32f4xx_hal_gpio.c.obj
 .debug_aranges
                0x00000520       0x88 CMakeFiles/f407zgt6.elf.dir/Drivers/STM32F4xx_HAL_Driver/Src/stm32f4xx_hal_rcc.c.obj
 .debug_aranges
                0x000005a8      0x3d0 CMakeFiles/f407zgt6.elf.dir/Drivers/STM32F4xx_HAL_Driver/Src/stm32f4xx_hal_tim.c.obj
 .debug_aranges
                0x00000978      0x168 CMakeFiles/f407zgt6.elf.dir/Drivers/STM32F4xx_HAL_Driver/Src/stm32f4xx_hal_tim_ex.c.obj
 .debug_aranges
                0x00000ae0      0x200 CMakeFiles/f407zgt6.elf.dir/Drivers/STM32F4xx_HAL_Driver/Src/stm32f4xx_hal_uart.c.obj
 .debug_aranges
                0x00000ce0       0x38 CMakeFiles/f407zgt6.elf.dir/User/SVPWM/svpwm.c.obj

.debug_rnglists
                0x00000000      0x9f5
 .debug_rnglists
                0x00000000       0x14 CMakeFiles/f407zgt6.elf.dir/Core/Src/gpio.c.obj
 .debug_rnglists
                0x00000014       0x21 CMakeFiles/f407zgt6.elf.dir/Core/Src/main.c.obj
 .debug_rnglists
                0x00000035       0x13 CMakeFiles/f407zgt6.elf.dir/Core/Src/stm32f4xx_hal_msp.c.obj
 .debug_rnglists
                0x00000048       0x4f CMakeFiles/f407zgt6.elf.dir/Core/Src/stm32f4xx_it.c.obj
 .debug_rnglists
                0x00000097       0x79 CMakeFiles/f407zgt6.elf.dir/Core/Src/syscalls.c.obj
 .debug_rnglists
                0x00000110       0x13 CMakeFiles/f407zgt6.elf.dir/Core/Src/sysmem.c.obj
 .debug_rnglists
                0x00000123       0x1a CMakeFiles/f407zgt6.elf.dir/Core/Src/system_stm32f4xx.c.obj
 .debug_rnglists
                0x0000013d       0x26 CMakeFiles/f407zgt6.elf.dir/Core/Src/tim.c.obj
 .debug_rnglists
                0x00000163       0x2c CMakeFiles/f407zgt6.elf.dir/Core/Src/usart.c.obj
 .debug_rnglists
                0x0000018f       0x19 CMakeFiles/f407zgt6.elf.dir/Core/Startup/startup_stm32f407zgtx.s.obj
 .debug_rnglists
                0x000001a8       0xaf CMakeFiles/f407zgt6.elf.dir/Drivers/STM32F4xx_HAL_Driver/Src/stm32f4xx_hal.c.obj
 .debug_rnglists
                0x00000257       0x9d CMakeFiles/f407zgt6.elf.dir/Drivers/STM32F4xx_HAL_Driver/Src/stm32f4xx_hal_cortex.c.obj
 .debug_rnglists
                0x000002f4       0x6c CMakeFiles/f407zgt6.elf.dir/Drivers/STM32F4xx_HAL_Driver/Src/stm32f4xx_hal_dma.c.obj
 .debug_rnglists
                0x00000360       0x3f CMakeFiles/f407zgt6.elf.dir/Drivers/STM32F4xx_HAL_Driver/Src/stm32f4xx_hal_gpio.c.obj
 .debug_rnglists
                0x0000039f       0x75 CMakeFiles/f407zgt6.elf.dir/Drivers/STM32F4xx_HAL_Driver/Src/stm32f4xx_hal_rcc.c.obj
 .debug_rnglists
                0x00000414      0x302 CMakeFiles/f407zgt6.elf.dir/Drivers/STM32F4xx_HAL_Driver/Src/stm32f4xx_hal_tim.c.obj
 .debug_rnglists
                0x00000716      0x11b CMakeFiles/f407zgt6.elf.dir/Drivers/STM32F4xx_HAL_Driver/Src/stm32f4xx_hal_tim_ex.c.obj
 .debug_rnglists
                0x00000831      0x19b CMakeFiles/f407zgt6.elf.dir/Drivers/STM32F4xx_HAL_Driver/Src/stm32f4xx_hal_uart.c.obj
 .debug_rnglists
                0x000009cc       0x29 CMakeFiles/f407zgt6.elf.dir/User/SVPWM/svpwm.c.obj

.debug_line     0x00000000     0xfcd9
 .debug_line    0x00000000      0x20e CMakeFiles/f407zgt6.elf.dir/Core/Src/gpio.c.obj
 .debug_line    0x0000020e      0x437 CMakeFiles/f407zgt6.elf.dir/Core/Src/main.c.obj
 .debug_line    0x00000645      0x16c CMakeFiles/f407zgt6.elf.dir/Core/Src/stm32f4xx_hal_msp.c.obj
 .debug_line    0x000007b1      0x3f9 CMakeFiles/f407zgt6.elf.dir/Core/Src/stm32f4xx_it.c.obj
 .debug_line    0x00000baa      0x3cf CMakeFiles/f407zgt6.elf.dir/Core/Src/syscalls.c.obj
 .debug_line    0x00000f79      0x18f CMakeFiles/f407zgt6.elf.dir/Core/Src/sysmem.c.obj
 .debug_line    0x00001108      0x28c CMakeFiles/f407zgt6.elf.dir/Core/Src/system_stm32f4xx.c.obj
 .debug_line    0x00001394      0x3da CMakeFiles/f407zgt6.elf.dir/Core/Src/tim.c.obj
 .debug_line    0x0000176e      0x454 CMakeFiles/f407zgt6.elf.dir/Core/Src/usart.c.obj
 .debug_line    0x00001bc2       0x7a CMakeFiles/f407zgt6.elf.dir/Core/Startup/startup_stm32f407zgtx.s.obj
 .debug_line    0x00001c3c      0x5cb CMakeFiles/f407zgt6.elf.dir/Drivers/STM32F4xx_HAL_Driver/Src/stm32f4xx_hal.c.obj
 .debug_line    0x00002207      0x876 CMakeFiles/f407zgt6.elf.dir/Drivers/STM32F4xx_HAL_Driver/Src/stm32f4xx_hal_cortex.c.obj
 .debug_line    0x00002a7d      0xe98 CMakeFiles/f407zgt6.elf.dir/Drivers/STM32F4xx_HAL_Driver/Src/stm32f4xx_hal_dma.c.obj
 .debug_line    0x00003915      0x6fb CMakeFiles/f407zgt6.elf.dir/Drivers/STM32F4xx_HAL_Driver/Src/stm32f4xx_hal_gpio.c.obj
 .debug_line    0x00004010      0xb41 CMakeFiles/f407zgt6.elf.dir/Drivers/STM32F4xx_HAL_Driver/Src/stm32f4xx_hal_rcc.c.obj
 .debug_line    0x00004b51     0x4a7f CMakeFiles/f407zgt6.elf.dir/Drivers/STM32F4xx_HAL_Driver/Src/stm32f4xx_hal_tim.c.obj
 .debug_line    0x000095d0     0x1d65 CMakeFiles/f407zgt6.elf.dir/Drivers/STM32F4xx_HAL_Driver/Src/stm32f4xx_hal_tim_ex.c.obj
 .debug_line    0x0000b335     0x4640 CMakeFiles/f407zgt6.elf.dir/Drivers/STM32F4xx_HAL_Driver/Src/stm32f4xx_hal_uart.c.obj
 .debug_line    0x0000f975      0x364 CMakeFiles/f407zgt6.elf.dir/User/SVPWM/svpwm.c.obj

.debug_str      0x00000000     0x42a8
 .debug_str     0x00000000      0x36f CMakeFiles/f407zgt6.elf.dir/Core/Src/gpio.c.obj
                                0x3bf (size before relaxing)
 .debug_str     0x0000036f      0x7bd CMakeFiles/f407zgt6.elf.dir/Core/Src/main.c.obj
                                0xafe (size before relaxing)
 .debug_str     0x00000b2c       0x50 CMakeFiles/f407zgt6.elf.dir/Core/Src/stm32f4xx_hal_msp.c.obj
                                0x300 (size before relaxing)
 .debug_str     0x00000b7c      0x372 CMakeFiles/f407zgt6.elf.dir/Core/Src/stm32f4xx_it.c.obj